Microchip MPLAB XC8 Compiler V2.45

Linker command line:

-W-3 \
  --edf=D:\Program Files\Microchip\xc8\v2.45\pic\dat\20230818022343_en.msgs \
  -cn -h+dist/default/debug\Safe_Locker.debug.sym \
  --cmf=dist/default/debug\Safe_Locker.debug.cmf -z -Q18F4620 \
  -oC:\Users\gaming3\AppData\Local\Temp\xcAs1k4.\driver_tmp_3.o \
  --defsym=__MPLAB_BUILD=1 --fixupoverflow=error \
  -Mdist/default/debug/Safe_Locker.debug.map \
  --md=C:\Users\gaming3\AppData\Local\Temp\xcAs1k4.\driver_tmp_0.dat -E1 \
  -ver=XC8 Compiler --acfsm=1493 -ACODE=00h-0FFFFh -ACONST=00h-0FFFFh \
  -ASMALLCONST=01000h-010FFhx240 -AMEDIUMCONST=01000h-0FFFFh \
  -ACOMRAM=01h-07Fh -AABS1=00h-0F7Fh -ABIGRAM=01h-0F7Fh \
  -ARAM=080h-0FFh,0100h-01FFhx14,0F00h-0F7Fh -ABANK0=080h-0FFh \
  -ABANK1=0100h-01FFh -ABANK2=0200h-02FFh -ABANK3=0300h-03FFh \
  -ABANK4=0400h-04FFh -ABANK5=0500h-05FFh -ABANK6=0600h-06FFh \
  -ABANK7=0700h-07FFh -ABANK8=0800h-08FFh -ABANK9=0900h-09FFh \
  -ABANK10=0A00h-0AFFh -ABANK11=0B00h-0BFFh -ABANK12=0C00h-0CFFh \
  -ABANK13=0D00h-0DFFh -ABANK14=0E00h-0EFFh -ABANK15=0F00h-0F7Fh \
  -ASFR=0F80h-0FFFh -ABIGSFR=0F80h-0FFFh -ACONFIG=0300000h-030000Dh \
  -AIDLOC=0200000h-0200007h -AEEDATA=0F00000h-0F003FFh -peeprom_data=EEDATA \
  -preset_vec=00h,intcode=08h,intcodelo,powerup,init -pramtop=01000h \
  -psmallconst=SMALLCONST -pmediumconst=MEDIUMCONST -pconst=CONST \
  -AFARRAM=00h-00h \
  -prdata=COMRAM,nvrram=COMRAM,nvbit=COMRAM,rbss=COMRAM,rbit=COMRAM \
  -pfarbss=FARRAM,fardata=FARRAM,nvFARRAM=FARRAM \
  -pintsave_regs=BIGRAM,bigbss=BIGRAM,bigdata=BIGRAM -pbss=RAM \
  -pidata=CODE,irdata=CODE,ibigdata=CODE,ifardata=CODE -prparam=COMRAM \
  C:\Users\gaming3\AppData\Local\Temp\xcAs1k4.\driver_tmp_14.o \
  dist/default/debug\Safe_Locker.debug.o 

Object code version is 3.11

Machine type is 18F4620



                Name                               Link     Load   Length Selector   Space Scale
C:\Users\gaming3\AppData\Local\Temp\xcAs1k4.\driver_tmp_14.o
                config                           300000   300000        E        0       4
                init                                  E        E        4        4       0
                reset_vec                             0        0        4        0       0
dist/default/debug\Safe_Locker.debug.o
                intcode                               8        8        6        4       0
                config                           300000   300000        E        0       4
                temp                                 5C       5C        1        1       1
                mediumconst                        FE7E     FE7E      182     7F3F       0
                text68                             11C0     11C0      106        4       0
                text67                             2150     2150       4C        4       0
                text66                             25DE     25DE       22        4       0
                text65                             2104     2104       4C        4       0
                text64                             1A46     1A46       78        4       0
                text63                             20B8     20B8       4C        4       0
                text62                             18BC     18BC       8A        4       0
                text61                             2394     2394       36        4       0
                text60                             1C76     1C76       6A        4       0
                text59                             2516     2516       2E        4       0
                text58                             1946     1946       88        4       0
                text57                             24E8     24E8       2E        4       0
                text56                             24BA     24BA       2E        4       0
                text55                             242E     242E       30        4       0
                text54                             268C     268C        4     1346       0
                intcode_body                        E7C      E7C      122        4       0
                text52                             23FE     23FE       30        4       0
                text51                             1580     1580       C4        4       0
                text50                             1644     1644       B0        4       0
                text49                             23CA     23CA       34        4       0
                text48                             2690     2690        2     1346       0
                text47                             16F4     16F4       AA        4       0
                text46                              4B2      4B2      1E2        4       0
                text45                             2226     2226       44        4       0
                text44                             22E6     22E6       3C        4       0
                text43                             206C     206C       4C        4       0
                text42                             13B6     13B6       E8        4       0
                text41                             10B0     10B0      110        4       0
                text40                             12C6     12C6       F0        4       0
                text39                             22A8     22A8       3E        4       0
                text38                             2596     2596       26        4       0
                text37                             2020     2020       4C        4       0
                text36                             25BC     25BC       22        4       0
                text35                             1FD4     1FD4       4C        4       0
                text34                             19CE     19CE       78        4       0
                text33                             1F88     1F88       4C        4       0
                text32                             1832     1832       8A        4       0
                text31                             235C     235C       38        4       0
                text30                             1C0C     1C0C       6A        4       0
                text29                             1BA2     1BA2       6A        4       0
                text28                             248C     248C       2E        4       0
                text27                             245E     245E       2E        4       0
                text26                              988      988      14E        4       0
                text25                              C22      C22      134        4       0
                text24                             21E2     21E2       44        4       0
                text23                             1ABE     1ABE       74        4       0
                text22                             1E0E     1E0E       64        4       0
                text21                              AD6      AD6      14C        4       0
                text20                              694      694      198        4       0
                text19                               12       12      4A0        4       0
                text18                             1DAA     1DAA       64        4       0
                text17                             1D46     1D46       64        4       0
                text16                              F9E      F9E      112        4       0
                text15                             1B32     1B32       70        4       0
                text14                              D56      D56      126        4       0
                text13                             2660     2660       20        4       0
                text12                             2640     2640       20        4       0
                text11                             2620     2620       20        4       0
                text10                             2600     2600       20        4       0
                text9                              179E     179E       94        4       0
                text8                              219C     219C       46        4       0
                text7                              1ED4     1ED4       60        4       0
                text6                              1F34     1F34       54        4       0
                text5                              149E     149E       E2        4       0
                text4                              1CE0     1CE0       66        4       0
                text3                              2570     2570       26        4       0
                text2                              2322     2322       3A        4       0
                text1                              226A     226A       3E        4       0
                text0                               82C      82C      15C        4       0
                cstackCOMRAM                          1        1       38        1       1
                cstackBANK0                          E2       E2       1E       80       1
                cstackBANK1                         100      100        7      100       1
                dataBANK0                            B6       B6       2C       80       1
                bssBANK0                             80       80       36       80       1
                dataCOMRAM                           51       51        B        1       1
                bssCOMRAM                            39       39       18        1       1
                cinit                              1E72     1E72       62        4       0
                idataBANK0                         2544     2544       2C        4       0
                idataCOMRAM                        2680     2680        B        4       0

TOTAL           Name                               Link     Load   Length     Space
        CLASS   CODE           
                intcode                               8        8        6         0
                init                                  E        E        4         0
                reset_vec                             0        0        4         0
                text68                             11C0     11C0      106         0
                text67                             2150     2150       4C         0
                text66                             25DE     25DE       22         0
                text65                             2104     2104       4C         0
                text64                             1A46     1A46       78         0
                text63                             20B8     20B8       4C         0
                text62                             18BC     18BC       8A         0
                text61                             2394     2394       36         0
                text60                             1C76     1C76       6A         0
                text59                             2516     2516       2E         0
                text58                             1946     1946       88         0
                text57                             24E8     24E8       2E         0
                text56                             24BA     24BA       2E         0
                text55                             242E     242E       30         0
                text54                             268C     268C        4         0
                intcode_body                        E7C      E7C      122         0
                text52                             23FE     23FE       30         0
                text51                             1580     1580       C4         0
                text50                             1644     1644       B0         0
                text49                             23CA     23CA       34         0
                text48                             2690     2690        2         0
                text47                             16F4     16F4       AA         0
                text46                              4B2      4B2      1E2         0
                text45                             2226     2226       44         0
                text44                             22E6     22E6       3C         0
                text43                             206C     206C       4C         0
                text42                             13B6     13B6       E8         0
                text41                             10B0     10B0      110         0
                text40                             12C6     12C6       F0         0
                text39                             22A8     22A8       3E         0
                text38                             2596     2596       26         0
                text37                             2020     2020       4C         0
                text36                             25BC     25BC       22         0
                text35                             1FD4     1FD4       4C         0
                text34                             19CE     19CE       78         0
                text33                             1F88     1F88       4C         0
                text32                             1832     1832       8A         0
                text31                             235C     235C       38         0
                text30                             1C0C     1C0C       6A         0
                text29                             1BA2     1BA2       6A         0
                text28                             248C     248C       2E         0
                text27                             245E     245E       2E         0
                text26                              988      988      14E         0
                text25                              C22      C22      134         0
                text24                             21E2     21E2       44         0
                text23                             1ABE     1ABE       74         0
                text22                             1E0E     1E0E       64         0
                text21                              AD6      AD6      14C         0
                text20                              694      694      198         0
                text19                               12       12      4A0         0
                text18                             1DAA     1DAA       64         0
                text17                             1D46     1D46       64         0
                text16                              F9E      F9E      112         0
                text15                             1B32     1B32       70         0
                text14                              D56      D56      126         0
                text13                             2660     2660       20         0
                text12                             2640     2640       20         0
                text11                             2620     2620       20         0
                text10                             2600     2600       20         0
                text9                              179E     179E       94         0
                text8                              219C     219C       46         0
                text7                              1ED4     1ED4       60         0
                text6                              1F34     1F34       54         0
                text5                              149E     149E       E2         0
                text4                              1CE0     1CE0       66         0
                text3                              2570     2570       26         0
                text2                              2322     2322       3A         0
                text1                              226A     226A       3E         0
                text0                               82C      82C      15C         0
                cinit                              1E72     1E72       62         0
                idataBANK0                         2544     2544       2C         0
                idataCOMRAM                        2680     2680        B         0

        CLASS   CONST          

        CLASS   SMALLCONST     

        CLASS   MEDIUMCONST    
                mediumconst                        FE7E     FE7E      182         0

        CLASS   COMRAM         
                temp                                 5C       5C        1         1
                cstackCOMRAM                          1        1       38         1
                dataCOMRAM                           51       51        B         1
                bssCOMRAM                            39       39       18         1

        CLASS   ABS1           

        CLASS   BIGRAM         

        CLASS   RAM            

        CLASS   BANK0          
                cstackBANK0                          E2       E2       1E         1
                dataBANK0                            B6       B6       2C         1
                bssBANK0                             80       80       36         1

        CLASS   BANK1          
                cstackBANK1                         100      100        7         1

        CLASS   BANK2          

        CLASS   BANK3          

        CLASS   BANK4          

        CLASS   BANK5          

        CLASS   BANK6          

        CLASS   BANK7          

        CLASS   BANK8          

        CLASS   BANK9          

        CLASS   BANK10         

        CLASS   BANK11         

        CLASS   BANK12         

        CLASS   BANK13         

        CLASS   BANK14         

        CLASS   BANK15         

        CLASS   SFR            

        CLASS   BIGSFR         

        CLASS   CONFIG         
                config                           300000   300000        E         4

        CLASS   IDLOC          

        CLASS   EEDATA         

        CLASS   FARRAM         

        CLASS   HEAP           

        CLASS   STACK          



SEGMENTS        Name                           Load    Length   Top    Selector   Space  Class

                reset_vec                      000000  000004  000004         0       0  CODE    
                cstackCOMRAM                   000001  00005C  00005D         1       1  COMRAM  
                intcode                        000008  002683  00268B         4       0  CODE    
                bssBANK0                       000080  000080  000100        80       1  BANK0   
                cstackBANK1                    000100  000007  000107       100       1  BANK1   
                text54                         00268C  000006  002692      1346       0  CODE    
                mediumconst                    00FE7E  000182  010000      7F3F       0  MEDIUMCO


UNUSED ADDRESS RANGES

        Name                Unused          Largest block    Delta
        BANK1            000107-0001FF               F9
        BANK10           000A00-000AFF              100
        BANK11           000B00-000BFF              100
        BANK12           000C00-000CFF              100
        BANK13           000D00-000DFF              100
        BANK14           000E00-000EFF              100
        BANK15           000F00-000F7F               80
        BANK2            000200-0002FF              100
        BANK3            000300-0003FF              100
        BANK4            000400-0004FF              100
        BANK5            000500-0005FF              100
        BANK6            000600-0006FF              100
        BANK7            000700-0007FF              100
        BANK8            000800-0008FF              100
        BANK9            000900-0009FF              100
        BIGRAM           00005D-00007F               23
                         000107-000F7F              E79
        BIGSFR           000F80-000FFF               80
        CODE             000004-000007                4
                         00268B-00268B                1
                         002692-00FE7D             D7EC
        COMRAM           00005D-00007F               23
        CONST            000004-000007                4
                         00268B-00268B                1
                         002692-00FE7D             D7EC
        EEDATA           F00000-F003FF              400
        IDLOC            200000-200007                8
        MEDIUMCONST      00268B-00268B                1
                         002692-00FE7D             D7EC
        RAM              000107-000F7F              100
        SFR              000F80-000FFF               80
        SMALLCONST       00268B-00268B                1
                         002692-00FE7D              100

                                  Symbol Table

?___awdiv                                       cstackCOMRAM 000024
?___awmod                                       cstackCOMRAM 000024
?___lwdiv                                       cstackCOMRAM 000024
?___lwmod                                       cstackCOMRAM 000024
?___wmul                                        cstackCOMRAM 000024
?_abs                                           cstackCOMRAM 00002A
?_sprintf                                       cstackBANK0  0000EA
?_vfprintf                                      cstackCOMRAM 000033
Data_EEPROM_ReadByte@bAdd                       cstackCOMRAM 000024
Data_EEPROM_ReadByte@bData                      cstackCOMRAM 000026
Data_EEPROM_WriteByte@Global_Interrupt_Status   cstackCOMRAM 000028
Data_EEPROM_WriteByte@bAdd                      cstackCOMRAM 000024
Data_EEPROM_WriteByte@bData                     cstackCOMRAM 000026
INT0_SetInterruptHandler@INTx_InterruptHandeler cstackCOMRAM 000024
INT1_SetInterruptHandler@INTx_InterruptHandeler cstackCOMRAM 000024
INT2_SetInterruptHandler@INTx_InterruptHandeler cstackCOMRAM 000024
Interrupt_INTx_ClearFlag@int_obj                cstackCOMRAM 000024
Interrupt_INTx_Disable@int_obj                  cstackCOMRAM 000024
Interrupt_INTx_Edge_Init@int_obj                cstackCOMRAM 000024
Interrupt_INTx_Enable@int_obj                   cstackCOMRAM 000024
Interrupt_INTx_Init@int_obj                     cstackCOMRAM 00002C
Interrupt_INTx_Pin_Init@int_obj                 cstackCOMRAM 00002B
SetInterruptHandler@int_obj                     cstackCOMRAM 000026
_App_ISR                                        text58       001946
_Data_EEPROM_ReadByte                           text39       0022A8
_Data_EEPROM_WriteByte                          text24       0021E2
_EEADR                                          (abs)        000FA9
_EEADRH                                         (abs)        000FAA
_EECON1bits                                     (abs)        000FA6
_EECON2                                         (abs)        000FA7
_EEDATA                                         (abs)        000FA8
_Enter_password                                 text25       000C22
_INT0_ISR                                       text57       0024E8
_INT0_InterruptHandler                          bssCOMRAM    00003F
_INT0_SetInterruptHandler                       text12       002640
_INT1_ISR                                       text56       0024BA
_INT1_InterruptHandler                          bssCOMRAM    00003D
_INT1_SetInterruptHandler                       text11       002620
_INT2_ISR                                       text55       00242E
_INT2_InterruptHandler                          bssBANK0     0000B0
_INT2_SetInterruptHandler                       text10       002600
_INTCON2bits                                    (abs)        000FF1
_INTCON3bits                                    (abs)        000FF0
_INTCONbits                                     (abs)        000FF2
_InterruptManger                                intcode      000008
_Interrupt_INTx_ClearFlag                       text18       001DAA
_Interrupt_INTx_Disable                         text17       001D46
_Interrupt_INTx_Edge_Init                       text16       000F9E
_Interrupt_INTx_Enable                          text15       001B32
_Interrupt_INTx_Init                            text8        00219C
_Interrupt_INTx_Pin_Init                        text13       002660
_LATA                                           (abs)        000F89
_LATB                                           (abs)        000F8A
_LATC                                           (abs)        000F8B
_LATD                                           (abs)        000F8C
_LATE                                           (abs)        000F8D
_PORTA                                          (abs)        000F80
_PORTB                                          (abs)        000F81
_PORTBbits                                      (abs)        000F81
_PORTC                                          (abs)        000F82
_PORTD                                          (abs)        000F83
_PORTE                                          (abs)        000F84
_RB4_ISR                                        text54       00268C
_RB4_InterruptHandler                           bssBANK0     0000AE
_RB5_InterruptHandler                           bssBANK0     0000AC
_RB6_InterruptHandler                           bssBANK0     0000AA
_RB7_InterruptHandler                           bssBANK0     0000A8
_SetInterruptHandler                            text9        00179E
_Set_password                                   text19       000012
_TRISA                                          (abs)        000F92
_TRISB                                          (abs)        000F93
_TRISC                                          (abs)        000F94
_TRISD                                          (abs)        000F95
_TRISE                                          (abs)        000F96
__HRAM                                          (abs)        000000
__H__absolute__                                 __absolute__ 000000
__Habs1                                         abs1         000000
__Hbank0                                        bank0        000000
__Hbank1                                        bank1        000000
__Hbank10                                       bank10       000000
__Hbank11                                       bank11       000000
__Hbank12                                       bank12       000000
__Hbank13                                       bank13       000000
__Hbank14                                       bank14       000000
__Hbank15                                       bank15       000000
__Hbank2                                        bank2        000000
__Hbank3                                        bank3        000000
__Hbank4                                        bank4        000000
__Hbank5                                        bank5        000000
__Hbank6                                        bank6        000000
__Hbank7                                        bank7        000000
__Hbank8                                        bank8        000000
__Hbank9                                        bank9        000000
__Hbigbss                                       bigbss       000000
__Hbigdata                                      bigdata      000000
__Hbigram                                       bigram       000000
__Hbigsfr                                       bigsfr       000000
__Hbss                                          bss          000000
__HbssBANK0                                     bssBANK0     000000
__HbssCOMRAM                                    bssCOMRAM    000000
__Hcinit                                        cinit        000000
__Hclrtext                                      clrtext      000000
__Hcomram                                       comram       000000
__Hconfig                                       config       30000E
__Hconst                                        const        000000
__HcstackBANK0                                  cstackBANK0  000000
__HcstackBANK1                                  cstackBANK1  000000
__HcstackCOMRAM                                 cstackCOMRAM 000000
__Hdata                                         data         000000
__HdataBANK0                                    dataBANK0    000000
__HdataCOMRAM                                   dataCOMRAM   000000
__Heeprom_data                                  eeprom_data  000000
__Hfarbss                                       farbss       000000
__Hfardata                                      fardata      000000
__Hheap                                         heap         000000
__Hibigdata                                     ibigdata     000000
__Hidata                                        idata        000000
__HidataBANK0                                   idataBANK0   000000
__HidataCOMRAM                                  idataCOMRAM  000000
__Hidloc                                        idloc        000000
__Hifardata                                     ifardata     000000
__Hinit                                         init         000012
__Hintcode                                      intcode      00000E
__Hintcode_body                                 intcode_body 000000
__Hintcodelo                                    intcodelo    00000E
__Hintentry                                     intentry     000000
__Hintret                                       intret       000000
__Hintsave_regs                                 intsave_regs 000000
__Hirdata                                       irdata       000000
__Hmediumconst                                  mediumconst  010000
__HnvFARRAM                                     nvFARRAM     000000
__Hnvbit                                        nvbit        000000
__Hnvrram                                       nvrram       000000
__Hparam                                        rparam       000000
__Hpowerup                                      powerup      00000E
__Hram                                          ram          000000
__Hramtop                                       ramtop       001000
__Hrbit                                         rbit         000000
__Hrbss                                         rbss         000000
__Hrdata                                        rdata        000000
__Hreset_vec                                    reset_vec    000004
__Hrparam                                       rparam       000000
__Hsfr                                          sfr          000000
__Hsmallconst                                   smallconst   000000
__Hspace_0                                      (abs)        010000
__Hspace_1                                      (abs)        000107
__Hspace_2                                      (abs)        000000
__Hspace_4                                      (abs)        60000E
__Hstack                                        stack        000000
__Hstruct                                       struct       000000
__Htemp                                         temp         00005D
__Htext                                         text         000000
__Htext0                                        text0        000000
__Htext1                                        text1        000000
__Htext10                                       text10       000000
__Htext11                                       text11       000000
__Htext12                                       text12       000000
__Htext13                                       text13       000000
__Htext14                                       text14       000000
__Htext15                                       text15       000000
__Htext16                                       text16       000000
__Htext17                                       text17       000000
__Htext18                                       text18       000000
__Htext19                                       text19       000000
__Htext2                                        text2        000000
__Htext20                                       text20       000000
__Htext21                                       text21       000000
__Htext22                                       text22       000000
__Htext23                                       text23       000000
__Htext24                                       text24       000000
__Htext25                                       text25       000000
__Htext26                                       text26       000000
__Htext27                                       text27       000000
__Htext28                                       text28       000000
__Htext29                                       text29       000000
__Htext3                                        text3        000000
__Htext30                                       text30       000000
__Htext31                                       text31       000000
__Htext32                                       text32       000000
__Htext33                                       text33       000000
__Htext34                                       text34       000000
__Htext35                                       text35       000000
__Htext36                                       text36       000000
__Htext37                                       text37       000000
__Htext38                                       text38       000000
__Htext39                                       text39       000000
__Htext4                                        text4        000000
__Htext40                                       text40       000000
__Htext41                                       text41       000000
__Htext42                                       text42       000000
__Htext43                                       text43       000000
__Htext44                                       text44       000000
__Htext45                                       text45       000000
__Htext46                                       text46       000000
__Htext47                                       text47       000000
__Htext48                                       text48       000000
__Htext49                                       text49       000000
__Htext5                                        text5        000000
__Htext50                                       text50       000000
__Htext51                                       text51       000000
__Htext52                                       text52       000000
__Htext54                                       text54       000000
__Htext55                                       text55       000000
__Htext56                                       text56       000000
__Htext57                                       text57       000000
__Htext58                                       text58       000000
__Htext59                                       text59       000000
__Htext6                                        text6        000000
__Htext60                                       text60       000000
__Htext61                                       text61       000000
__Htext62                                       text62       000000
__Htext63                                       text63       000000
__Htext64                                       text64       000000
__Htext65                                       text65       000000
__Htext66                                       text66       000000
__Htext67                                       text67       000000
__Htext68                                       text68       000000
__Htext69                                       text69       000000
__Htext7                                        text7        000000
__Htext8                                        text8        000000
__Htext9                                        text9        000000
__LRAM                                          (abs)        000001
__L__absolute__                                 __absolute__ 000000
__Labs1                                         abs1         000000
__Lbank0                                        bank0        000000
__Lbank1                                        bank1        000000
__Lbank10                                       bank10       000000
__Lbank11                                       bank11       000000
__Lbank12                                       bank12       000000
__Lbank13                                       bank13       000000
__Lbank14                                       bank14       000000
__Lbank15                                       bank15       000000
__Lbank2                                        bank2        000000
__Lbank3                                        bank3        000000
__Lbank4                                        bank4        000000
__Lbank5                                        bank5        000000
__Lbank6                                        bank6        000000
__Lbank7                                        bank7        000000
__Lbank8                                        bank8        000000
__Lbank9                                        bank9        000000
__Lbigbss                                       bigbss       000000
__Lbigdata                                      bigdata      000000
__Lbigram                                       bigram       000000
__Lbigsfr                                       bigsfr       000000
__Lbss                                          bss          000000
__LbssBANK0                                     bssBANK0     000000
__LbssCOMRAM                                    bssCOMRAM    000000
__Lcinit                                        cinit        000000
__Lclrtext                                      clrtext      000000
__Lcomram                                       comram       000000
__Lconfig                                       config       000000
__Lconst                                        const        000000
__LcstackBANK0                                  cstackBANK0  000000
__LcstackBANK1                                  cstackBANK1  000000
__LcstackCOMRAM                                 cstackCOMRAM 000000
__Ldata                                         data         000000
__LdataBANK0                                    dataBANK0    000000
__LdataCOMRAM                                   dataCOMRAM   000000
__Leeprom_data                                  eeprom_data  000000
__Lfarbss                                       farbss       000000
__Lfardata                                      fardata      000000
__Lheap                                         heap         000000
__Libigdata                                     ibigdata     000000
__Lidata                                        idata        000000
__LidataBANK0                                   idataBANK0   000000
__LidataCOMRAM                                  idataCOMRAM  000000
__Lidloc                                        idloc        000000
__Lifardata                                     ifardata     000000
__Linit                                         init         00000E
__Lintcode                                      intcode      000008
__Lintcode_body                                 intcode_body 000000
__Lintcodelo                                    intcodelo    00000E
__Lintentry                                     intentry     000000
__Lintret                                       intret       000000
__Lintsave_regs                                 intsave_regs 000000
__Lirdata                                       irdata       000000
__Lmediumconst                                  mediumconst  00FE7E
__LnvFARRAM                                     nvFARRAM     000000
__Lnvbit                                        nvbit        000000
__Lnvrram                                       nvrram       000000
__Lparam                                        rparam       000000
__Lpowerup                                      powerup      00000E
__Lram                                          ram          000000
__Lramtop                                       ramtop       001000
__Lrbit                                         rbit         000000
__Lrbss                                         rbss         000000
__Lrdata                                        rdata        000000
__Lreset_vec                                    reset_vec    000000
__Lrparam                                       rparam       000000
__Lsfr                                          sfr          000000
__Lsmallconst                                   smallconst   000000
__Lspace_0                                      (abs)        000000
__Lspace_1                                      (abs)        000000
__Lspace_2                                      (abs)        000000
__Lspace_4                                      (abs)        000000
__Lstack                                        stack        000000
__Lstruct                                       struct       000000
__Ltemp                                         temp         00005C
__Ltext                                         text         000000
__Ltext0                                        text0        000000
__Ltext1                                        text1        000000
__Ltext10                                       text10       000000
__Ltext11                                       text11       000000
__Ltext12                                       text12       000000
__Ltext13                                       text13       000000
__Ltext14                                       text14       000000
__Ltext15                                       text15       000000
__Ltext16                                       text16       000000
__Ltext17                                       text17       000000
__Ltext18                                       text18       000000
__Ltext19                                       text19       000000
__Ltext2                                        text2        000000
__Ltext20                                       text20       000000
__Ltext21                                       text21       000000
__Ltext22                                       text22       000000
__Ltext23                                       text23       000000
__Ltext24                                       text24       000000
__Ltext25                                       text25       000000
__Ltext26                                       text26       000000
__Ltext27                                       text27       000000
__Ltext28                                       text28       000000
__Ltext29                                       text29       000000
__Ltext3                                        text3        000000
__Ltext30                                       text30       000000
__Ltext31                                       text31       000000
__Ltext32                                       text32       000000
__Ltext33                                       text33       000000
__Ltext34                                       text34       000000
__Ltext35                                       text35       000000
__Ltext36                                       text36       000000
__Ltext37                                       text37       000000
__Ltext38                                       text38       000000
__Ltext39                                       text39       000000
__Ltext4                                        text4        000000
__Ltext40                                       text40       000000
__Ltext41                                       text41       000000
__Ltext42                                       text42       000000
__Ltext43                                       text43       000000
__Ltext44                                       text44       000000
__Ltext45                                       text45       000000
__Ltext46                                       text46       000000
__Ltext47                                       text47       000000
__Ltext48                                       text48       000000
__Ltext49                                       text49       000000
__Ltext5                                        text5        000000
__Ltext50                                       text50       000000
__Ltext51                                       text51       000000
__Ltext52                                       text52       000000
__Ltext54                                       text54       000000
__Ltext55                                       text55       000000
__Ltext56                                       text56       000000
__Ltext57                                       text57       000000
__Ltext58                                       text58       000000
__Ltext59                                       text59       000000
__Ltext6                                        text6        000000
__Ltext60                                       text60       000000
__Ltext61                                       text61       000000
__Ltext62                                       text62       000000
__Ltext63                                       text63       000000
__Ltext64                                       text64       000000
__Ltext65                                       text65       000000
__Ltext66                                       text66       000000
__Ltext67                                       text67       000000
__Ltext68                                       text68       000000
__Ltext69                                       text69       000000
__Ltext7                                        text7        000000
__Ltext8                                        text8        000000
__Ltext9                                        text9        000000
__S0                                            (abs)        010000
__S1                                            (abs)        000107
__S4                                            (abs)        000000
__S5                                            (abs)        000000
___awdiv                                        text51       001580
___awdiv@counter                                cstackCOMRAM 000028
___awdiv@dividend                               cstackCOMRAM 000024
___awdiv@divisor                                cstackCOMRAM 000026
___awdiv@quotient                               cstackCOMRAM 00002A
___awdiv@sign                                   cstackCOMRAM 000029
___awmod                                        text50       001644
___awmod@counter                                cstackCOMRAM 000028
___awmod@dividend                               cstackCOMRAM 000024
___awmod@divisor                                cstackCOMRAM 000026
___awmod@sign                                   cstackCOMRAM 000029
___heap_hi                                      (abs)        000000
___heap_lo                                      (abs)        000000
___inthi_sp                                     stack        000000
___inthi_stack_hi                               stack        000000
___inthi_stack_lo                               stack        000000
___intlo_sp                                     stack        000000
___intlo_stack_hi                               stack        000000
___intlo_stack_lo                               stack        000000
___lwdiv                                        text23       001ABE
___lwdiv@counter                                cstackCOMRAM 00002A
___lwdiv@dividend                               cstackCOMRAM 000024
___lwdiv@divisor                                cstackCOMRAM 000026
___lwdiv@quotient                               cstackCOMRAM 000028
___lwmod                                        text22       001E0E
___lwmod@counter                                cstackCOMRAM 000028
___lwmod@dividend                               cstackCOMRAM 000024
___lwmod@divisor                                cstackCOMRAM 000026
___param_bank                                   (abs)        000000
___rparam_used                                  (abs)        000001
___sp                                           stack        000000
___stack_hi                                     stack        000000
___stack_lo                                     stack        000000
___wmul                                         text38       002596
___wmul@multiplicand                            cstackCOMRAM 000026
___wmul@multiplier                              cstackCOMRAM 000024
___wmul@product                                 cstackCOMRAM 000028
__accesstop                                     (abs)        000080
__activetblptr                                  (abs)        000003
__end_of_App_ISR                                text58       0019CE
__end_of_Data_EEPROM_ReadByte                   text39       0022E6
__end_of_Data_EEPROM_WriteByte                  text24       002226
__end_of_Enter_password                         text25       000D56
__end_of_INT0_ISR                               text57       002516
__end_of_INT0_SetInterruptHandler               text12       002660
__end_of_INT1_ISR                               text56       0024E8
__end_of_INT1_SetInterruptHandler               text11       002640
__end_of_INT2_ISR                               text55       00245E
__end_of_INT2_SetInterruptHandler               text10       002620
__end_of_InterruptManger                        intcode_body 000F9E
__end_of_Interrupt_INTx_ClearFlag               text18       001E0E
__end_of_Interrupt_INTx_Disable                 text17       001DAA
__end_of_Interrupt_INTx_Edge_Init               text16       0010B0
__end_of_Interrupt_INTx_Enable                  text15       001BA2
__end_of_Interrupt_INTx_Init                    text8        0021E2
__end_of_Interrupt_INTx_Pin_Init                text13       002680
__end_of_RB4_ISR                                text54       002690
__end_of_SetInterruptHandler                    text9        001832
__end_of_Set_password                           text19       0004B2
__end_of___awdiv                                text51       001644
__end_of___awmod                                text50       0016F4
__end_of___lwdiv                                text23       001B32
__end_of___lwmod                                text22       001E72
__end_of___wmul                                 text38       0025BC
__end_of__initialization                        cinit        001ECA
__end_of_abs                                    text49       0023FE
__end_of_convert_byte_to_string                 text43       0020B8
__end_of_fputc                                  text47       00179E
__end_of_gpio_pin_Read_logic                    text42       00149E
__end_of_gpio_pin_Write_logic                   text41       0011C0
__end_of_gpio_pin_direction_intialize           text14       000E7C
__end_of_gpio_pin_intialize                     text6        001F88
__end_of_int_value                              mediumconst  00FE90
__end_of_intialization                          text2        00235C
__end_of_keypad_get_value                       text40       0013B6
__end_of_keypad_intialize                       text7        001F34
__end_of_keypad_value@ecu_keypad$F125           mediumconst  00FE8F
__end_of_lcd_4bit_intialize                     text5        001580
__end_of_lcd_4bit_send_command                  text33       001FD4
__end_of_lcd_4bit_send_data                     text35       002020
__end_of_lcd_4bit_send_string                   text34       001A46
__end_of_lcd_4bit_send_string_pos               text31       002394
__end_of_led_initialize                         text4        001D46
__end_of_led_turn_off                           text30       001C76
__end_of_led_turn_on                            text29       001C0C
__end_of_main                                   text0        000988
__end_of_memset                                 text52       00242E
__end_of_motor_intialize                        text3        002596
__end_of_motor_move_right                       text28       0024BA
__end_of_motor_stop                             text27       00248C
__end_of_password                               text26       000AD6
__end_of_password_handler                       text21       000C22
__end_of_password_reset                         text20       00082C
__end_of_putch                                  text48       002692
__end_of_send_4bit                              text37       00206C
__end_of_send_4bit_enable_signal                text36       0025DE
__end_of_set_cursor_4bit                        text32       0018BC
__end_of_sprintf                                text44       002322
__end_of_vfpfcnvrt                              text46       000694
__end_of_vfprintf                               text45       00226A
__end_of_welcome_message                        text1        0022A8
__end_ofi2_gpio_pin_Write_logic                 text68       0012C6
__end_ofi2_lcd_4bit_send_command                text63       002104
__end_ofi2_lcd_4bit_send_data                   text65       002150
__end_ofi2_lcd_4bit_send_string                 text64       001ABE
__end_ofi2_lcd_4bit_send_string_pos             text61       0023CA
__end_ofi2_led_turn_off                         text60       001CE0
__end_ofi2_motor_stop                           text59       002544
__end_ofi2_send_4bit                            text67       00219C
__end_ofi2_send_4bit_enable_signal              text66       002600
__end_ofi2_set_cursor_4bit                      text62       001946
__initialization                                cinit        001E72
__mediumconst                                   mediumconst  00FE7E
__pbssBANK0                                     bssBANK0     000080
__pbssCOMRAM                                    bssCOMRAM    000039
__pcinit                                        cinit        001E72
__pcstackBANK0                                  cstackBANK0  0000E2
__pcstackBANK1                                  cstackBANK1  000100
__pcstackCOMRAM                                 cstackCOMRAM 000001
__pdataBANK0                                    dataBANK0    0000B6
__pdataCOMRAM                                   dataCOMRAM   000051
__pidataBANK0                                   idataBANK0   002544
__pidataCOMRAM                                  idataCOMRAM  002680
__pintcode                                      intcode      000008
__pintcode_body                                 intcode_body 000E7C
__pmediumconst                                  mediumconst  00FE7E
__ptext0                                        text0        00082C
__ptext1                                        text1        00226A
__ptext10                                       text10       002600
__ptext11                                       text11       002620
__ptext12                                       text12       002640
__ptext13                                       text13       002660
__ptext14                                       text14       000D56
__ptext15                                       text15       001B32
__ptext16                                       text16       000F9E
__ptext17                                       text17       001D46
__ptext18                                       text18       001DAA
__ptext19                                       text19       000012
__ptext2                                        text2        002322
__ptext20                                       text20       000694
__ptext21                                       text21       000AD6
__ptext22                                       text22       001E0E
__ptext23                                       text23       001ABE
__ptext24                                       text24       0021E2
__ptext25                                       text25       000C22
__ptext26                                       text26       000988
__ptext27                                       text27       00245E
__ptext28                                       text28       00248C
__ptext29                                       text29       001BA2
__ptext3                                        text3        002570
__ptext30                                       text30       001C0C
__ptext31                                       text31       00235C
__ptext32                                       text32       001832
__ptext33                                       text33       001F88
__ptext34                                       text34       0019CE
__ptext35                                       text35       001FD4
__ptext36                                       text36       0025BC
__ptext37                                       text37       002020
__ptext38                                       text38       002596
__ptext39                                       text39       0022A8
__ptext4                                        text4        001CE0
__ptext40                                       text40       0012C6
__ptext41                                       text41       0010B0
__ptext42                                       text42       0013B6
__ptext43                                       text43       00206C
__ptext44                                       text44       0022E6
__ptext45                                       text45       002226
__ptext46                                       text46       0004B2
__ptext47                                       text47       0016F4
__ptext48                                       text48       002690
__ptext49                                       text49       0023CA
__ptext5                                        text5        00149E
__ptext50                                       text50       001644
__ptext51                                       text51       001580
__ptext52                                       text52       0023FE
__ptext54                                       text54       00268C
__ptext55                                       text55       00242E
__ptext56                                       text56       0024BA
__ptext57                                       text57       0024E8
__ptext58                                       text58       001946
__ptext59                                       text59       002516
__ptext6                                        text6        001F34
__ptext60                                       text60       001C76
__ptext61                                       text61       002394
__ptext62                                       text62       0018BC
__ptext63                                       text63       0020B8
__ptext64                                       text64       001A46
__ptext65                                       text65       002104
__ptext66                                       text66       0025DE
__ptext67                                       text67       002150
__ptext68                                       text68       0011C0
__ptext69                                       text69       000000
__ptext7                                        text7        001ED4
__ptext8                                        text8        00219C
__ptext9                                        text9        00179E
__ramtop                                        ramtop       001000
__smallconst                                    smallconst   000000
_abs                                            text49       0023CA
_buzzer                                         dataCOMRAM   00005B
_convert_byte_to_string                         text43       00206C
_dbuf                                           bssBANK0     000080
_display_counter                                bssCOMRAM    000044
_display_value                                  bssBANK0     0000B2
_entered_value                                  bssBANK0     0000A6
_flags                                          bssCOMRAM    000041
_fputc                                          text47       0016F4
_gpio_pin_Read_logic                            text42       0013B6
_gpio_pin_Write_logic                           text41       0010B0
_gpio_pin_direction_intialize                   text14       000D56
_gpio_pin_intialize                             text6        001F34
_green_led                                      dataCOMRAM   00005A
_high_pass                                      bssCOMRAM    00004E
_int1_obj                                       dataBANK0    0000DC
_intialization                                  text2        002322
_keypad                                         dataBANK0    0000D4
_keypad_get_value                               text40       0012C6
_keypad_intialize                               text7        001ED4
_keypad_value                                   bssCOMRAM    000050
_keypad_value@ecu_keypad$F125                   mediumconst  00FE7F
_lat_registers                                  dataBANK0    0000C0
_lcd                                            dataCOMRAM   000051
_lcd_4bit_intialize                             text5        00149E
_lcd_4bit_send_command                          text33       001F88
_lcd_4bit_send_data                             text35       001FD4
_lcd_4bit_send_string                           text34       0019CE
_lcd_4bit_send_string_pos                       text31       00235C
_lcd_counter                                    bssCOMRAM    00004B
_led_initialize                                 text4        001CE0
_led_turn_off                                   text30       001C0C
_led_turn_on                                    text29       001BA2
_low_pass                                       bssCOMRAM    00004C
_main                                           text0        00082C
_memory_value                                   bssBANK0     0000A4
_memset                                         text52       0023FE
_motor                                          dataCOMRAM   000057
_motor_intialize                                text3        002570
_motor_move_right                               text28       00248C
_motor_stop                                     text27       00245E
_password                                       text26       000988
_password_counter                               bssCOMRAM    000046
_password_flag                                  bssCOMRAM    000045
_password_handler                               text21       000AD6
_password_reset                                 text20       000694
_port_registers                                 dataBANK0    0000B6
_prec                                           bssBANK0     0000A2
_putch                                          text48       002690
_red_led                                        dataCOMRAM   000059
_safe_flag                                      bssCOMRAM    000042
_send_4bit                                      text37       002020
_send_4bit_enable_signal                        text36       0025BC
_set_cursor_4bit                                text32       001832
_set_password1                                  bssCOMRAM    00003B
_set_password2                                  bssCOMRAM    000039
_sprintf                                        text44       0022E6
_tris_registers                                 dataBANK0    0000CA
_vfpfcnvrt                                      text46       0004B2
_vfprintf                                       text45       002226
_welcome_message                                text1        00226A
_width                                          bssBANK0     0000A0
_wrongs_counter                                 bssCOMRAM    000043
abs@a                                           cstackCOMRAM 00002A
btemp                                           temp         00005C
convert_byte_to_string@str                      cstackBANK0  0000FC
convert_byte_to_string@value                    cstackBANK0  0000FD
end_of_initialization                           cinit        001ECA
fputc@c                                         cstackCOMRAM 000024
fputc@fp                                        cstackCOMRAM 000026
gpio_pin_Read_logic@_pin_config                 cstackCOMRAM 000024
gpio_pin_Read_logic@logic                       cstackCOMRAM 000025
gpio_pin_Read_logic@ret                         cstackCOMRAM 00002A
gpio_pin_Write_logic@_pin_config                cstackCOMRAM 000024
gpio_pin_Write_logic@logic                      cstackCOMRAM 000025
gpio_pin_Write_logic@ret                        cstackCOMRAM 00002B
gpio_pin_direction_intialize@_pin_config        cstackCOMRAM 000024
gpio_pin_direction_intialize@ret                cstackCOMRAM 00002A
gpio_pin_intialize@_pin_config                  cstackCOMRAM 00002C
gpio_pin_intialize@ret                          cstackCOMRAM 00002E
i2_gpio_pin_Write_logic                         text68       0011C0
i2_lcd_4bit_send_command                        text63       0020B8
i2_lcd_4bit_send_data                           text65       002104
i2_lcd_4bit_send_string                         text64       001A46
i2_lcd_4bit_send_string_pos                     text61       002394
i2_led_turn_off                                 text60       001C76
i2_motor_stop                                   text59       002516
i2_send_4bit                                    text67       002150
i2_send_4bit_enable_signal                      text66       0025DE
i2_set_cursor_4bit                              text62       0018BC
i2gpio_pin_Write_logic@_pin_config              cstackCOMRAM 000001
i2gpio_pin_Write_logic@logic                    cstackCOMRAM 000002
i2lcd_4bit_send_command@command                 cstackCOMRAM 00000B
i2lcd_4bit_send_command@lcd                     cstackCOMRAM 00000A
i2lcd_4bit_send_data@data                       cstackCOMRAM 00000B
i2lcd_4bit_send_data@lcd                        cstackCOMRAM 00000A
i2lcd_4bit_send_string@lcd                      cstackCOMRAM 00000C
i2lcd_4bit_send_string@str                      cstackCOMRAM 00000D
i2lcd_4bit_send_string_pos@column               cstackCOMRAM 000013
i2lcd_4bit_send_string_pos@lcd                  cstackCOMRAM 000011
i2lcd_4bit_send_string_pos@row                  cstackCOMRAM 000012
i2lcd_4bit_send_string_pos@str                  cstackCOMRAM 000014
i2led_turn_off@led                              cstackCOMRAM 000008
i2led_turn_off@pin_obj                          cstackCOMRAM 00000A
i2motor_stop@motor                              cstackCOMRAM 000008
i2send_4bit@_data_command                       cstackCOMRAM 000009
i2send_4bit@lcd                                 cstackCOMRAM 000008
i2send_4bit_enable_signal@lcd                   cstackCOMRAM 000008
i2set_cursor_4bit@column                        cstackCOMRAM 00000E
i2set_cursor_4bit@lcd                           cstackCOMRAM 00000C
i2set_cursor_4bit@row                           cstackCOMRAM 00000D
int$flags                                       temp         00005C
int_func                                        intcode_body 000E7C
intlevel0                                       text         000000
intlevel1                                       text         000000
intlevel2                                       text         000000
intlevel3                                       text         000000
isa$std                                         (abs)        000001
isa$xinst                                       (abs)        000000
keypad_get_value@col_val                        cstackCOMRAM 000030
keypad_get_value@columns_counter                cstackCOMRAM 000033
keypad_get_value@keypad_obj                     cstackCOMRAM 00002C
keypad_get_value@rows_counter                   cstackCOMRAM 000032
keypad_get_value@rows_counter2                  cstackCOMRAM 000031
keypad_get_value@value                          cstackCOMRAM 00002D
keypad_intialize@columns_counter                cstackCOMRAM 00002E
keypad_intialize@keypad_obj                     cstackCOMRAM 00002B
keypad_intialize@ret                            cstackCOMRAM 00002C
keypad_intialize@rows_counter                   cstackCOMRAM 00002D
lcd_4bit_intialize@lcd                          cstackCOMRAM 000030
lcd_4bit_intialize@ret                          cstackCOMRAM 000032
lcd_4bit_send_command@command                   cstackCOMRAM 00002F
lcd_4bit_send_command@lcd                       cstackCOMRAM 00002E
lcd_4bit_send_data@data                         cstackCOMRAM 00002F
lcd_4bit_send_data@lcd                          cstackCOMRAM 00002E
lcd_4bit_send_string@lcd                        cstackCOMRAM 000030
lcd_4bit_send_string@str                        cstackCOMRAM 000031
lcd_4bit_send_string_pos@column                 cstackBANK0  0000E4
lcd_4bit_send_string_pos@lcd                    cstackBANK0  0000E2
lcd_4bit_send_string_pos@row                    cstackBANK0  0000E3
lcd_4bit_send_string_pos@str                    cstackBANK0  0000E5
led_initialize@F3060                            bssCOMRAM    00004A
led_initialize@led                              cstackCOMRAM 00002B
led_initialize@pin_obj                          cstackCOMRAM 00002D
led_toggle@F3075                                bssCOMRAM    000047
led_turn_off@F3070                              bssCOMRAM    000048
led_turn_off@led                                cstackCOMRAM 00002C
led_turn_off@pin_obj                            cstackCOMRAM 00002E
led_turn_on@F3065                               bssCOMRAM    000049
led_turn_on@led                                 cstackCOMRAM 00002C
led_turn_on@pin_obj                             cstackCOMRAM 00002E
memset@c                                        cstackCOMRAM 000025
memset@dest                                     cstackCOMRAM 000024
memset@n                                        cstackCOMRAM 000027
memset@p                                        cstackCOMRAM 000029
motor_intialize@motor                           cstackCOMRAM 00002B
motor_move_right@motor                          cstackCOMRAM 00002C
motor_stop@motor                                cstackCOMRAM 00002C
send_4bit@_data_command                         cstackCOMRAM 00002D
send_4bit@lcd                                   cstackCOMRAM 00002C
send_4bit_enable_signal@lcd                     cstackCOMRAM 00002C
set_cursor_4bit@column                          cstackCOMRAM 000032
set_cursor_4bit@lcd                             cstackCOMRAM 000030
set_cursor_4bit@row                             cstackCOMRAM 000031
sprintf@ap                                      cstackBANK0  0000EF
sprintf@f                                       cstackBANK0  0000F0
sprintf@fmt                                     cstackBANK0  0000EB
sprintf@s                                       cstackBANK0  0000EA
stackhi                                         (abs)        000000
stacklo                                         (abs)        000000
start                                           init         00000E
start_initialization                            cinit        001E72
ttemp5                                          temp         00005D
ttemp6                                          temp         000060
ttemp7                                          temp         000064
vfpfcnvrt@ap                                    cstackCOMRAM 000030
vfpfcnvrt@c                                     cstackBANK0  0000E9
vfpfcnvrt@convarg                               cstackBANK0  0000E5
vfpfcnvrt@cp                                    cstackBANK0  0000E3
vfpfcnvrt@done                                  cstackBANK0  0000E2
vfpfcnvrt@fmt                                   cstackCOMRAM 00002F
vfpfcnvrt@fp                                    cstackCOMRAM 00002E
vfprintf@ap                                     cstackCOMRAM 000036
vfprintf@cfmt                                   cstackCOMRAM 000037
vfprintf@fmt                                    cstackCOMRAM 000034
vfprintf@fp                                     cstackCOMRAM 000033
wtemp8                                          temp         00005D


MODULE INFORMATION

Module		Function		Class		Link	Load	Size
ECU_LAYER/KEYPAD/ecu_keypad.c
		_keypad_get_value		CODE           	12C6	0000	240
		_keypad_intialize		CODE           	1ED4	0000	96

ECU_LAYER/KEYPAD/ecu_keypad.c estimated size: 336

MCAL_LAYER/interrupt/mcal_interrupt_mamager.c
		_InterruptManger		CODE           	0008	0000	296

MCAL_LAYER/interrupt/mcal_interrupt_mamager.c estimated size: 296

D:\Program Files\Microchip\xc8\v2.45\pic\sources\c99\common\lwdiv.c
		___lwdiv       		CODE           	1ABE	0000	116

D:\Program Files\Microchip\xc8\v2.45\pic\sources\c99\common\lwdiv.c estimated size: 116

D:\Program Files\Microchip\xc8\v2.45\pic\sources\c99\common\awdiv.c
		___awdiv       		CODE           	1580	0000	196

D:\Program Files\Microchip\xc8\v2.45\pic\sources\c99\common\awdiv.c estimated size: 196

D:\Program Files\Microchip\xc8\v2.45\pic\sources\c99\common\abs.c
		_abs           		CODE           	23CA	0000	52

D:\Program Files\Microchip\xc8\v2.45\pic\sources\c99\common\abs.c estimated size: 52

D:\Program Files\Microchip\xc8\v2.45\pic\sources\c99\common\nf_sprintf.c
		_sprintf       		CODE           	22E6	0000	60

D:\Program Files\Microchip\xc8\v2.45\pic\sources\c99\common\nf_sprintf.c estimated size: 60

ECU_LAYER/LED/ecu_led.c
		_led_initialize		CODE           	1CE0	0000	102
		_led_turn_on   		CODE           	1BA2	0000	106
		_led_turn_off  		CODE           	1C0C	0000	106

ECU_LAYER/LED/ecu_led.c estimated size: 314

MCAL_LAYER/GPIO/hal_gpio.c
		_gpio_pin_Write_logic		CODE           	10B0	0000	272
		_gpio_pin_intialize		CODE           	1F34	0000	84
		_gpio_pin_Read_logic		CODE           	13B6	0000	232
		_gpio_pin_direction_intialize		CODE           	0D56	0000	294

MCAL_LAYER/GPIO/hal_gpio.c estimated size: 882

ECU_LAYER/DC_MOTOR/ecu_dc_motor.c
		_motor_intialize		CODE           	2570	0000	38
		_motor_stop    		CODE           	245E	0000	46
		_motor_move_right		CODE           	248C	0000	46

ECU_LAYER/DC_MOTOR/ecu_dc_motor.c estimated size: 130

MCAL_LAYER/EEPROM/eeprom.c
		_Data_EEPROM_ReadByte		CODE           	22A8	0000	62
		_Data_EEPROM_WriteByte		CODE           	21E2	0000	68

MCAL_LAYER/EEPROM/eeprom.c estimated size: 130

D:\Program Files\Microchip\xc8\v2.45\pic\sources\c99\common\memset.c
		_memset        		CODE           	23FE	0000	48

D:\Program Files\Microchip\xc8\v2.45\pic\sources\c99\common\memset.c estimated size: 48

function.c
		_Set_password  		CODE           	0012	0000	1184
		_password      		CODE           	0988	0000	334
		_welcome_message		CODE           	226A	0000	62
		_password_handler		CODE           	0AD6	0000	332
		_Enter_password		CODE           	0C22	0000	308
		_password_reset		CODE           	0694	0000	408
		_App_ISR       		CODE           	1946	0000	136
		_intialization 		CODE           	2322	0000	58

function.c estimated size: 2822

D:\Program Files\Microchip\xc8\v2.45\pic\sources\c99\common\nf_fputc.c
		_fputc         		CODE           	16F4	0000	170

D:\Program Files\Microchip\xc8\v2.45\pic\sources\c99\common\nf_fputc.c estimated size: 170

D:\Program Files\Microchip\xc8\v2.45\pic\sources\c99\common\doprnt.c
		_vfpfcnvrt     		CODE           	04B2	0000	482
		_vfprintf      		CODE           	2226	0000	68

D:\Program Files\Microchip\xc8\v2.45\pic\sources\c99\common\doprnt.c estimated size: 550

shared
		i2_send_4bit   		CODE           	2150	0000	76
		i2_lcd_4bit_send_data		CODE           	2104	0000	76
		_keypad_value@ecu_keypad$F125		MEDIUMCONST    	FE7F	0000	16
		i2_set_cursor_4bit		CODE           	18BC	0000	138
		i2_lcd_4bit_send_command		CODE           	20B8	0000	76
		__initialization		CODE           	1E72	0000	88
		i2_send_4bit_enable_signal		CODE           	25DE	0000	34
		i2_motor_stop  		CODE           	2516	0000	46
		i2_gpio_pin_Write_logic		CODE           	11C0	0000	262
		i2_lcd_4bit_send_string		CODE           	1A46	0000	120
		_int_value     		MEDIUMCONST    	0000	0000	0
		i2_lcd_4bit_send_string_pos		CODE           	2394	0000	54
		i2_led_turn_off		CODE           	1C76	0000	106

shared estimated size: 1092

D:\Program Files\Microchip\xc8\v2.45\pic\sources\c99\common\lwmod.c
		___lwmod       		CODE           	1E0E	0000	100

D:\Program Files\Microchip\xc8\v2.45\pic\sources\c99\common\lwmod.c estimated size: 100

ECU_LAYER/LCD/ecu_lcd.c
		_send_4bit_enable_signal		CODE           	25BC	0000	34
		_lcd_4bit_send_data		CODE           	1FD4	0000	76
		_lcd_4bit_send_command		CODE           	1F88	0000	76
		_lcd_4bit_send_string_pos		CODE           	235C	0000	56
		_lcd_4bit_intialize		CODE           	149E	0000	226
		_send_4bit     		CODE           	2020	0000	76
		_convert_byte_to_string		CODE           	206C	0000	76
		_set_cursor_4bit		CODE           	1832	0000	138
		_lcd_4bit_send_string		CODE           	19CE	0000	120

ECU_LAYER/LCD/ecu_lcd.c estimated size: 878

D:\Program Files\Microchip\xc8\v2.45\pic\sources\c99\common\awmod.c
		___awmod       		CODE           	1644	0000	176

D:\Program Files\Microchip\xc8\v2.45\pic\sources\c99\common\awmod.c estimated size: 176

MCAL_LAYER/interrupt/mcal_external_interrupt.c
		_SetInterruptHandler		CODE           	179E	0000	148
		_INT0_SetInterruptHandler		CODE           	2640	0000	32
		_INT1_SetInterruptHandler		CODE           	2620	0000	32
		_Interrupt_INTx_Enable		CODE           	1B32	0000	112
		_RB4_ISR       		CODE           	268C	0000	4
		_INT2_SetInterruptHandler		CODE           	2600	0000	32
		_Interrupt_INTx_ClearFlag		CODE           	1DAA	0000	100
		_Interrupt_INTx_Edge_Init		CODE           	0F9E	0000	274
		_Interrupt_INTx_Init		CODE           	219C	0000	70
		_Interrupt_INTx_Disable		CODE           	1D46	0000	100
		_INT0_ISR      		CODE           	24E8	0000	46
		_Interrupt_INTx_Pin_Init		CODE           	2660	0000	32
		_INT1_ISR      		CODE           	24BA	0000	46
		_INT2_ISR      		CODE           	242E	0000	48

MCAL_LAYER/interrupt/mcal_external_interrupt.c estimated size: 1076

D:\Program Files\Microchip\xc8\v2.45\pic\sources\c99\common\putch.c
		_putch         		CODE           	2690	0000	2

D:\Program Files\Microchip\xc8\v2.45\pic\sources\c99\common\putch.c estimated size: 2

application.c
		_main          		CODE           	082C	0000	348

application.c estimated size: 348

D:\Program Files\Microchip\xc8\v2.45\pic\sources\c99\common\Umul16.c
		___wmul        		CODE           	2596	0000	38

D:\Program Files\Microchip\xc8\v2.45\pic\sources\c99\common\Umul16.c estimated size: 38

