Microchip MPLAB XC8 Compiler V2.45

Linker command line:

-W-3 \
  --edf=D:\Program Files\Microchip\xc8\v2.45\pic\dat\20230818022343_en.msgs \
  -cn -h+dist/default/debug\Safe_Locker.debug.sym \
  --cmf=dist/default/debug\Safe_Locker.debug.cmf -z -Q18F4620 \
  -oC:\Users\gaming3\AppData\Local\Temp\xcBs29g.1\driver_tmp_3.o \
  --defsym=__MPLAB_BUILD=1 --fixupoverflow=error \
  -Mdist/default/debug/Safe_Locker.debug.map \
  --md=C:\Users\gaming3\AppData\Local\Temp\xcBs29g.1\driver_tmp_0.dat -E1 \
  -ver=XC8 Compiler --acfsm=1493 -ACODE=00h-0FFFFh -ACONST=00h-0FFFFh \
  -ASMALLCONST=01000h-010FFhx240 -AMEDIUMCONST=01000h-0FFFFh \
  -ACOMRAM=01h-07Fh -AABS1=00h-0F7Fh -ABIGRAM=01h-0F7Fh \
  -ARAM=080h-0FFh,0100h-01FFhx14,0F00h-0F7Fh -ABANK0=080h-0FFh \
  -ABANK1=0100h-01FFh -ABANK2=0200h-02FFh -ABANK3=0300h-03FFh \
  -ABANK4=0400h-04FFh -ABANK5=0500h-05FFh -ABANK6=0600h-06FFh \
  -ABANK7=0700h-07FFh -ABANK8=0800h-08FFh -ABANK9=0900h-09FFh \
  -ABANK10=0A00h-0AFFh -ABANK11=0B00h-0BFFh -ABANK12=0C00h-0CFFh \
  -ABANK13=0D00h-0DFFh -ABANK14=0E00h-0EFFh -ABANK15=0F00h-0F7Fh \
  -ASFR=0F80h-0FFFh -ABIGSFR=0F80h-0FFFh -ACONFIG=0300000h-030000Dh \
  -AIDLOC=0200000h-0200007h -AEEDATA=0F00000h-0F003FFh -peeprom_data=EEDATA \
  -preset_vec=00h,intcode=08h,intcodelo,powerup,init -pramtop=01000h \
  -psmallconst=SMALLCONST -pmediumconst=MEDIUMCONST -pconst=CONST \
  -AFARRAM=00h-00h \
  -prdata=COMRAM,nvrram=COMRAM,nvbit=COMRAM,rbss=COMRAM,rbit=COMRAM \
  -pfarbss=FARRAM,fardata=FARRAM,nvFARRAM=FARRAM \
  -pintsave_regs=BIGRAM,bigbss=BIGRAM,bigdata=BIGRAM -pbss=RAM \
  -pidata=CODE,irdata=CODE,ibigdata=CODE,ifardata=CODE -prparam=COMRAM \
  C:\Users\gaming3\AppData\Local\Temp\xcBs29g.1\driver_tmp_14.o \
  dist/default/debug\Safe_Locker.debug.o 

Object code version is 3.11

Machine type is 18F4620



                Name                               Link     Load   Length Selector   Space Scale
C:\Users\gaming3\AppData\Local\Temp\xcBs29g.1\driver_tmp_14.o
                config                           300000   300000        E        0       4
                init                                  E        E        4        4       0
                reset_vec                             0        0        4        0       0
dist/default/debug\Safe_Locker.debug.o
                intcode                               8        8        6        4       0
                config                           300000   300000        E        0       4
                temp                                 5C       5C        1        1       1
                mediumconst                        FE7E     FE7E      182     7F3F       0
                text68                             116A     116A      106        4       0
                text67                             20AE     20AE       4C        4       0
                text66                             2586     2586       22        4       0
                text65                             2062     2062       4C        4       0
                text64                             19F0     19F0       78        4       0
                text63                             2016     2016       4C        4       0
                text62                             1866     1866       8A        4       0
                text61                             233C     233C       36        4       0
                text60                             1C20     1C20       6A        4       0
                text59                             24BE     24BE       2E        4       0
                text58                             18F0     18F0       88        4       0
                text57                             2490     2490       2E        4       0
                text56                             2462     2462       2E        4       0
                text55                             23D6     23D6       30        4       0
                text54                             2634     2634        4     131A       0
                intcode_body                        E26      E26      122        4       0
                text52                             23A6     23A6       30        4       0
                text51                             152A     152A       C4        4       0
                text50                             15EE     15EE       B0        4       0
                text49                             2372     2372       34        4       0
                text48                             2638     2638        2     131A       0
                text47                             169E     169E       AA        4       0
                text46                              486      486      1E2        4       0
                text45                             21CE     21CE       44        4       0
                text44                             2290     2290       3C        4       0
                text43                             20FA     20FA       4A        4       0
                text42                             1360     1360       E8        4       0
                text41                             105A     105A      110        4       0
                text40                             1270     1270       F0        4       0
                text39                             2252     2252       3E        4       0
                text38                             253E     253E       26        4       0
                text37                             1FCA     1FCA       4C        4       0
                text36                             2564     2564       22        4       0
                text35                             1F7E     1F7E       4C        4       0
                text34                             1978     1978       78        4       0
                text33                             1F32     1F32       4C        4       0
                text32                             17DC     17DC       8A        4       0
                text31                             2306     2306       36        4       0
                text30                             1BB6     1BB6       6A        4       0
                text29                             1B4C     1B4C       6A        4       0
                text28                             2434     2434       2E        4       0
                text27                             2406     2406       2E        4       0
                text26                              7FC      7FC      14E        4       0
                text25                              BD4      BD4      12C        4       0
                text24                             218A     218A       44        4       0
                text23                             1A68     1A68       74        4       0
                text22                             1DB8     1DB8       64        4       0
                text21                              94A      94A      148        4       0
                text20                              668      668      194        4       0
                text19                               12       12      474        4       0
                text18                             1D54     1D54       64        4       0
                text17                             1CF0     1CF0       64        4       0
                text16                              F48      F48      112        4       0
                text15                             1ADC     1ADC       70        4       0
                text14                              D00      D00      126        4       0
                text13                             2608     2608       20        4       0
                text12                             25E8     25E8       20        4       0
                text11                             25C8     25C8       20        4       0
                text10                             25A8     25A8       20        4       0
                text9                              1748     1748       94        4       0
                text8                              2144     2144       46        4       0
                text7                              1E7E     1E7E       60        4       0
                text6                              1EDE     1EDE       54        4       0
                text5                              1448     1448       E2        4       0
                text4                              1C8A     1C8A       66        4       0
                text3                              2518     2518       26        4       0
                text2                              22CC     22CC       3A        4       0
                text1                              2212     2212       40        4       0
                text0                               A92      A92      142        4       0
                cstackCOMRAM                          1        1       39        1       1
                cstackBANK0                          E2       E2       1D       80       1
                cstackBANK1                         100      100        7      100       1
                dataBANK0                            B6       B6       2C       80       1
                bssBANK0                             80       80       36       80       1
                dataCOMRAM                           51       51        B        1       1
                bssCOMRAM                            3A       3A       17        1       1
                cinit                              1E1C     1E1C       62        4       0
                idataBANK0                         24EC     24EC       2C        4       0
                idataCOMRAM                        2628     2628        B        4       0

TOTAL           Name                               Link     Load   Length     Space
        CLASS   CODE           
                intcode                               8        8        6         0
                init                                  E        E        4         0
                reset_vec                             0        0        4         0
                text68                             116A     116A      106         0
                text67                             20AE     20AE       4C         0
                text66                             2586     2586       22         0
                text65                             2062     2062       4C         0
                text64                             19F0     19F0       78         0
                text63                             2016     2016       4C         0
                text62                             1866     1866       8A         0
                text61                             233C     233C       36         0
                text60                             1C20     1C20       6A         0
                text59                             24BE     24BE       2E         0
                text58                             18F0     18F0       88         0
                text57                             2490     2490       2E         0
                text56                             2462     2462       2E         0
                text55                             23D6     23D6       30         0
                text54                             2634     2634        4         0
                intcode_body                        E26      E26      122         0
                text52                             23A6     23A6       30         0
                text51                             152A     152A       C4         0
                text50                             15EE     15EE       B0         0
                text49                             2372     2372       34         0
                text48                             2638     2638        2         0
                text47                             169E     169E       AA         0
                text46                              486      486      1E2         0
                text45                             21CE     21CE       44         0
                text44                             2290     2290       3C         0
                text43                             20FA     20FA       4A         0
                text42                             1360     1360       E8         0
                text41                             105A     105A      110         0
                text40                             1270     1270       F0         0
                text39                             2252     2252       3E         0
                text38                             253E     253E       26         0
                text37                             1FCA     1FCA       4C         0
                text36                             2564     2564       22         0
                text35                             1F7E     1F7E       4C         0
                text34                             1978     1978       78         0
                text33                             1F32     1F32       4C         0
                text32                             17DC     17DC       8A         0
                text31                             2306     2306       36         0
                text30                             1BB6     1BB6       6A         0
                text29                             1B4C     1B4C       6A         0
                text28                             2434     2434       2E         0
                text27                             2406     2406       2E         0
                text26                              7FC      7FC      14E         0
                text25                              BD4      BD4      12C         0
                text24                             218A     218A       44         0
                text23                             1A68     1A68       74         0
                text22                             1DB8     1DB8       64         0
                text21                              94A      94A      148         0
                text20                              668      668      194         0
                text19                               12       12      474         0
                text18                             1D54     1D54       64         0
                text17                             1CF0     1CF0       64         0
                text16                              F48      F48      112         0
                text15                             1ADC     1ADC       70         0
                text14                              D00      D00      126         0
                text13                             2608     2608       20         0
                text12                             25E8     25E8       20         0
                text11                             25C8     25C8       20         0
                text10                             25A8     25A8       20         0
                text9                              1748     1748       94         0
                text8                              2144     2144       46         0
                text7                              1E7E     1E7E       60         0
                text6                              1EDE     1EDE       54         0
                text5                              1448     1448       E2         0
                text4                              1C8A     1C8A       66         0
                text3                              2518     2518       26         0
                text2                              22CC     22CC       3A         0
                text1                              2212     2212       40         0
                text0                               A92      A92      142         0
                cinit                              1E1C     1E1C       62         0
                idataBANK0                         24EC     24EC       2C         0
                idataCOMRAM                        2628     2628        B         0

        CLASS   CONST          

        CLASS   SMALLCONST     

        CLASS   MEDIUMCONST    
                mediumconst                        FE7E     FE7E      182         0

        CLASS   COMRAM         
                temp                                 5C       5C        1         1
                cstackCOMRAM                          1        1       39         1
                dataCOMRAM                           51       51        B         1
                bssCOMRAM                            3A       3A       17         1

        CLASS   ABS1           

        CLASS   BIGRAM         

        CLASS   RAM            

        CLASS   BANK0          
                cstackBANK0                          E2       E2       1D         1
                dataBANK0                            B6       B6       2C         1
                bssBANK0                             80       80       36         1

        CLASS   BANK1          
                cstackBANK1                         100      100        7         1

        CLASS   BANK2          

        CLASS   BANK3          

        CLASS   BANK4          

        CLASS   BANK5          

        CLASS   BANK6          

        CLASS   BANK7          

        CLASS   BANK8          

        CLASS   BANK9          

        CLASS   BANK10         

        CLASS   BANK11         

        CLASS   BANK12         

        CLASS   BANK13         

        CLASS   BANK14         

        CLASS   BANK15         

        CLASS   SFR            

        CLASS   BIGSFR         

        CLASS   CONFIG         
                config                           300000   300000        E         4

        CLASS   IDLOC          

        CLASS   EEDATA         

        CLASS   FARRAM         

        CLASS   HEAP           

        CLASS   STACK          



SEGMENTS        Name                           Load    Length   Top    Selector   Space  Class

                reset_vec                      000000  000004  000004         0       0  CODE    
                cstackCOMRAM                   000001  00005C  00005D         1       1  COMRAM  
                intcode                        000008  00262B  002633         4       0  CODE    
                bssBANK0                       000080  00007F  0000FF        80       1  BANK0   
                cstackBANK1                    000100  000007  000107       100       1  BANK1   
                text54                         002634  000006  00263A      131A       0  CODE    
                mediumconst                    00FE7E  000182  010000      7F3F       0  MEDIUMCO


UNUSED ADDRESS RANGES

        Name                Unused          Largest block    Delta
        BANK0            0000FF-0000FF                1
        BANK1            000107-0001FF               F9
        BANK10           000A00-000AFF              100
        BANK11           000B00-000BFF              100
        BANK12           000C00-000CFF              100
        BANK13           000D00-000DFF              100
        BANK14           000E00-000EFF              100
        BANK15           000F00-000F7F               80
        BANK2            000200-0002FF              100
        BANK3            000300-0003FF              100
        BANK4            000400-0004FF              100
        BANK5            000500-0005FF              100
        BANK6            000600-0006FF              100
        BANK7            000700-0007FF              100
        BANK8            000800-0008FF              100
        BANK9            000900-0009FF              100
        BIGRAM           00005D-00007F               23
                         0000FF-0000FF                1
                         000107-000F7F              E79
        BIGSFR           000F80-000FFF               80
        CODE             000004-000007                4
                         002633-002633                1
                         00263A-00FE7D             D844
        COMRAM           00005D-00007F               23
        CONST            000004-000007                4
                         002633-002633                1
                         00263A-00FE7D             D844
        EEDATA           F00000-F003FF              400
        IDLOC            200000-200007                8
        MEDIUMCONST      002633-002633                1
                         00263A-00FE7D             D844
        RAM              0000FF-0000FF                1
                         000107-000F7F              100
        SFR              000F80-000FFF               80
        SMALLCONST       002633-002633                1
                         00263A-00FE7D              100

                                  Symbol Table

?___awdiv                                       cstackCOMRAM 000024
?___awmod                                       cstackCOMRAM 000024
?___lwdiv                                       cstackCOMRAM 000024
?___lwmod                                       cstackCOMRAM 000024
?___wmul                                        cstackCOMRAM 000024
?_abs                                           cstackCOMRAM 00002A
?_sprintf                                       cstackBANK0  0000EA
?_vfprintf                                      cstackCOMRAM 000033
Data_EEPROM_ReadByte@bAdd                       cstackCOMRAM 000024
Data_EEPROM_ReadByte@bData                      cstackCOMRAM 000026
Data_EEPROM_WriteByte@Global_Interrupt_Status   cstackCOMRAM 000028
Data_EEPROM_WriteByte@bAdd                      cstackCOMRAM 000024
Data_EEPROM_WriteByte@bData                     cstackCOMRAM 000026
INT0_SetInterruptHandler@INTx_InterruptHandeler cstackCOMRAM 000024
INT1_SetInterruptHandler@INTx_InterruptHandeler cstackCOMRAM 000024
INT2_SetInterruptHandler@INTx_InterruptHandeler cstackCOMRAM 000024
Interrupt_INTx_ClearFlag@int_obj                cstackCOMRAM 000024
Interrupt_INTx_Disable@int_obj                  cstackCOMRAM 000024
Interrupt_INTx_Edge_Init@int_obj                cstackCOMRAM 000024
Interrupt_INTx_Enable@int_obj                   cstackCOMRAM 000024
Interrupt_INTx_Init@int_obj                     cstackCOMRAM 00002C
Interrupt_INTx_Pin_Init@int_obj                 cstackCOMRAM 00002B
SetInterruptHandler@int_obj                     cstackCOMRAM 000026
_App_ISR                                        text58       0018F0
_Data_EEPROM_ReadByte                           text39       002252
_Data_EEPROM_WriteByte                          text24       00218A
_EEADR                                          (abs)        000FA9
_EEADRH                                         (abs)        000FAA
_EECON1bits                                     (abs)        000FA6
_EECON2                                         (abs)        000FA7
_EEDATA                                         (abs)        000FA8
_Enter_password                                 text25       000BD4
_INT0_ISR                                       text57       002490
_INT0_InterruptHandler                          bssCOMRAM    000040
_INT0_SetInterruptHandler                       text12       0025E8
_INT1_ISR                                       text56       002462
_INT1_InterruptHandler                          bssCOMRAM    00003E
_INT1_SetInterruptHandler                       text11       0025C8
_INT2_ISR                                       text55       0023D6
_INT2_InterruptHandler                          bssBANK0     0000B0
_INT2_SetInterruptHandler                       text10       0025A8
_INTCON2bits                                    (abs)        000FF1
_INTCON3bits                                    (abs)        000FF0
_INTCONbits                                     (abs)        000FF2
_InterruptManger                                intcode      000008
_Interrupt_INTx_ClearFlag                       text18       001D54
_Interrupt_INTx_Disable                         text17       001CF0
_Interrupt_INTx_Edge_Init                       text16       000F48
_Interrupt_INTx_Enable                          text15       001ADC
_Interrupt_INTx_Init                            text8        002144
_Interrupt_INTx_Pin_Init                        text13       002608
_LATA                                           (abs)        000F89
_LATB                                           (abs)        000F8A
_LATC                                           (abs)        000F8B
_LATD                                           (abs)        000F8C
_LATE                                           (abs)        000F8D
_PORTA                                          (abs)        000F80
_PORTB                                          (abs)        000F81
_PORTBbits                                      (abs)        000F81
_PORTC                                          (abs)        000F82
_PORTD                                          (abs)        000F83
_PORTE                                          (abs)        000F84
_RB4_ISR                                        text54       002634
_RB4_InterruptHandler                           bssBANK0     0000AE
_RB5_InterruptHandler                           bssBANK0     0000AC
_RB6_InterruptHandler                           bssBANK0     0000AA
_RB7_InterruptHandler                           bssBANK0     0000A8
_SetInterruptHandler                            text9        001748
_Set_password                                   text19       000012
_TRISA                                          (abs)        000F92
_TRISB                                          (abs)        000F93
_TRISC                                          (abs)        000F94
_TRISD                                          (abs)        000F95
_TRISE                                          (abs)        000F96
__HRAM                                          (abs)        000000
__H__absolute__                                 __absolute__ 000000
__Habs1                                         abs1         000000
__Hbank0                                        bank0        000000
__Hbank1                                        bank1        000000
__Hbank10                                       bank10       000000
__Hbank11                                       bank11       000000
__Hbank12                                       bank12       000000
__Hbank13                                       bank13       000000
__Hbank14                                       bank14       000000
__Hbank15                                       bank15       000000
__Hbank2                                        bank2        000000
__Hbank3                                        bank3        000000
__Hbank4                                        bank4        000000
__Hbank5                                        bank5        000000
__Hbank6                                        bank6        000000
__Hbank7                                        bank7        000000
__Hbank8                                        bank8        000000
__Hbank9                                        bank9        000000
__Hbigbss                                       bigbss       000000
__Hbigdata                                      bigdata      000000
__Hbigram                                       bigram       000000
__Hbigsfr                                       bigsfr       000000
__Hbss                                          bss          000000
__HbssBANK0                                     bssBANK0     000000
__HbssCOMRAM                                    bssCOMRAM    000000
__Hcinit                                        cinit        000000
__Hclrtext                                      clrtext      000000
__Hcomram                                       comram       000000
__Hconfig                                       config       30000E
__Hconst                                        const        000000
__HcstackBANK0                                  cstackBANK0  000000
__HcstackBANK1                                  cstackBANK1  000000
__HcstackCOMRAM                                 cstackCOMRAM 000000
__Hdata                                         data         000000
__HdataBANK0                                    dataBANK0    000000
__HdataCOMRAM                                   dataCOMRAM   000000
__Heeprom_data                                  eeprom_data  000000
__Hfarbss                                       farbss       000000
__Hfardata                                      fardata      000000
__Hheap                                         heap         000000
__Hibigdata                                     ibigdata     000000
__Hidata                                        idata        000000
__HidataBANK0                                   idataBANK0   000000
__HidataCOMRAM                                  idataCOMRAM  000000
__Hidloc                                        idloc        000000
__Hifardata                                     ifardata     000000
__Hinit                                         init         000012
__Hintcode                                      intcode      00000E
__Hintcode_body                                 intcode_body 000000
__Hintcodelo                                    intcodelo    00000E
__Hintentry                                     intentry     000000
__Hintret                                       intret       000000
__Hintsave_regs                                 intsave_regs 000000
__Hirdata                                       irdata       000000
__Hmediumconst                                  mediumconst  010000
__HnvFARRAM                                     nvFARRAM     000000
__Hnvbit                                        nvbit        000000
__Hnvrram                                       nvrram       000000
__Hparam                                        rparam       000000
__Hpowerup                                      powerup      00000E
__Hram                                          ram          000000
__Hramtop                                       ramtop       001000
__Hrbit                                         rbit         000000
__Hrbss                                         rbss         000000
__Hrdata                                        rdata        000000
__Hreset_vec                                    reset_vec    000004
__Hrparam                                       rparam       000000
__Hsfr                                          sfr          000000
__Hsmallconst                                   smallconst   000000
__Hspace_0                                      (abs)        010000
__Hspace_1                                      (abs)        000107
__Hspace_2                                      (abs)        000000
__Hspace_4                                      (abs)        60000E
__Hstack                                        stack        000000
__Hstruct                                       struct       000000
__Htemp                                         temp         00005D
__Htext                                         text         000000
__Htext0                                        text0        000000
__Htext1                                        text1        000000
__Htext10                                       text10       000000
__Htext11                                       text11       000000
__Htext12                                       text12       000000
__Htext13                                       text13       000000
__Htext14                                       text14       000000
__Htext15                                       text15       000000
__Htext16                                       text16       000000
__Htext17                                       text17       000000
__Htext18                                       text18       000000
__Htext19                                       text19       000000
__Htext2                                        text2        000000
__Htext20                                       text20       000000
__Htext21                                       text21       000000
__Htext22                                       text22       000000
__Htext23                                       text23       000000
__Htext24                                       text24       000000
__Htext25                                       text25       000000
__Htext26                                       text26       000000
__Htext27                                       text27       000000
__Htext28                                       text28       000000
__Htext29                                       text29       000000
__Htext3                                        text3        000000
__Htext30                                       text30       000000
__Htext31                                       text31       000000
__Htext32                                       text32       000000
__Htext33                                       text33       000000
__Htext34                                       text34       000000
__Htext35                                       text35       000000
__Htext36                                       text36       000000
__Htext37                                       text37       000000
__Htext38                                       text38       000000
__Htext39                                       text39       000000
__Htext4                                        text4        000000
__Htext40                                       text40       000000
__Htext41                                       text41       000000
__Htext42                                       text42       000000
__Htext43                                       text43       000000
__Htext44                                       text44       000000
__Htext45                                       text45       000000
__Htext46                                       text46       000000
__Htext47                                       text47       000000
__Htext48                                       text48       000000
__Htext49                                       text49       000000
__Htext5                                        text5        000000
__Htext50                                       text50       000000
__Htext51                                       text51       000000
__Htext52                                       text52       000000
__Htext54                                       text54       000000
__Htext55                                       text55       000000
__Htext56                                       text56       000000
__Htext57                                       text57       000000
__Htext58                                       text58       000000
__Htext59                                       text59       000000
__Htext6                                        text6        000000
__Htext60                                       text60       000000
__Htext61                                       text61       000000
__Htext62                                       text62       000000
__Htext63                                       text63       000000
__Htext64                                       text64       000000
__Htext65                                       text65       000000
__Htext66                                       text66       000000
__Htext67                                       text67       000000
__Htext68                                       text68       000000
__Htext69                                       text69       000000
__Htext7                                        text7        000000
__Htext8                                        text8        000000
__Htext9                                        text9        000000
__LRAM                                          (abs)        000001
__L__absolute__                                 __absolute__ 000000
__Labs1                                         abs1         000000
__Lbank0                                        bank0        000000
__Lbank1                                        bank1        000000
__Lbank10                                       bank10       000000
__Lbank11                                       bank11       000000
__Lbank12                                       bank12       000000
__Lbank13                                       bank13       000000
__Lbank14                                       bank14       000000
__Lbank15                                       bank15       000000
__Lbank2                                        bank2        000000
__Lbank3                                        bank3        000000
__Lbank4                                        bank4        000000
__Lbank5                                        bank5        000000
__Lbank6                                        bank6        000000
__Lbank7                                        bank7        000000
__Lbank8                                        bank8        000000
__Lbank9                                        bank9        000000
__Lbigbss                                       bigbss       000000
__Lbigdata                                      bigdata      000000
__Lbigram                                       bigram       000000
__Lbigsfr                                       bigsfr       000000
__Lbss                                          bss          000000
__LbssBANK0                                     bssBANK0     000000
__LbssCOMRAM                                    bssCOMRAM    000000
__Lcinit                                        cinit        000000
__Lclrtext                                      clrtext      000000
__Lcomram                                       comram       000000
__Lconfig                                       config       000000
__Lconst                                        const        000000
__LcstackBANK0                                  cstackBANK0  000000
__LcstackBANK1                                  cstackBANK1  000000
__LcstackCOMRAM                                 cstackCOMRAM 000000
__Ldata                                         data         000000
__LdataBANK0                                    dataBANK0    000000
__LdataCOMRAM                                   dataCOMRAM   000000
__Leeprom_data                                  eeprom_data  000000
__Lfarbss                                       farbss       000000
__Lfardata                                      fardata      000000
__Lheap                                         heap         000000
__Libigdata                                     ibigdata     000000
__Lidata                                        idata        000000
__LidataBANK0                                   idataBANK0   000000
__LidataCOMRAM                                  idataCOMRAM  000000
__Lidloc                                        idloc        000000
__Lifardata                                     ifardata     000000
__Linit                                         init         00000E
__Lintcode                                      intcode      000008
__Lintcode_body                                 intcode_body 000000
__Lintcodelo                                    intcodelo    00000E
__Lintentry                                     intentry     000000
__Lintret                                       intret       000000
__Lintsave_regs                                 intsave_regs 000000
__Lirdata                                       irdata       000000
__Lmediumconst                                  mediumconst  00FE7E
__LnvFARRAM                                     nvFARRAM     000000
__Lnvbit                                        nvbit        000000
__Lnvrram                                       nvrram       000000
__Lparam                                        rparam       000000
__Lpowerup                                      powerup      00000E
__Lram                                          ram          000000
__Lramtop                                       ramtop       001000
__Lrbit                                         rbit         000000
__Lrbss                                         rbss         000000
__Lrdata                                        rdata        000000
__Lreset_vec                                    reset_vec    000000
__Lrparam                                       rparam       000000
__Lsfr                                          sfr          000000
__Lsmallconst                                   smallconst   000000
__Lspace_0                                      (abs)        000000
__Lspace_1                                      (abs)        000000
__Lspace_2                                      (abs)        000000
__Lspace_4                                      (abs)        000000
__Lstack                                        stack        000000
__Lstruct                                       struct       000000
__Ltemp                                         temp         00005C
__Ltext                                         text         000000
__Ltext0                                        text0        000000
__Ltext1                                        text1        000000
__Ltext10                                       text10       000000
__Ltext11                                       text11       000000
__Ltext12                                       text12       000000
__Ltext13                                       text13       000000
__Ltext14                                       text14       000000
__Ltext15                                       text15       000000
__Ltext16                                       text16       000000
__Ltext17                                       text17       000000
__Ltext18                                       text18       000000
__Ltext19                                       text19       000000
__Ltext2                                        text2        000000
__Ltext20                                       text20       000000
__Ltext21                                       text21       000000
__Ltext22                                       text22       000000
__Ltext23                                       text23       000000
__Ltext24                                       text24       000000
__Ltext25                                       text25       000000
__Ltext26                                       text26       000000
__Ltext27                                       text27       000000
__Ltext28                                       text28       000000
__Ltext29                                       text29       000000
__Ltext3                                        text3        000000
__Ltext30                                       text30       000000
__Ltext31                                       text31       000000
__Ltext32                                       text32       000000
__Ltext33                                       text33       000000
__Ltext34                                       text34       000000
__Ltext35                                       text35       000000
__Ltext36                                       text36       000000
__Ltext37                                       text37       000000
__Ltext38                                       text38       000000
__Ltext39                                       text39       000000
__Ltext4                                        text4        000000
__Ltext40                                       text40       000000
__Ltext41                                       text41       000000
__Ltext42                                       text42       000000
__Ltext43                                       text43       000000
__Ltext44                                       text44       000000
__Ltext45                                       text45       000000
__Ltext46                                       text46       000000
__Ltext47                                       text47       000000
__Ltext48                                       text48       000000
__Ltext49                                       text49       000000
__Ltext5                                        text5        000000
__Ltext50                                       text50       000000
__Ltext51                                       text51       000000
__Ltext52                                       text52       000000
__Ltext54                                       text54       000000
__Ltext55                                       text55       000000
__Ltext56                                       text56       000000
__Ltext57                                       text57       000000
__Ltext58                                       text58       000000
__Ltext59                                       text59       000000
__Ltext6                                        text6        000000
__Ltext60                                       text60       000000
__Ltext61                                       text61       000000
__Ltext62                                       text62       000000
__Ltext63                                       text63       000000
__Ltext64                                       text64       000000
__Ltext65                                       text65       000000
__Ltext66                                       text66       000000
__Ltext67                                       text67       000000
__Ltext68                                       text68       000000
__Ltext69                                       text69       000000
__Ltext7                                        text7        000000
__Ltext8                                        text8        000000
__Ltext9                                        text9        000000
__S0                                            (abs)        010000
__S1                                            (abs)        000107
__S4                                            (abs)        000000
__S5                                            (abs)        000000
___awdiv                                        text51       00152A
___awdiv@counter                                cstackCOMRAM 000028
___awdiv@dividend                               cstackCOMRAM 000024
___awdiv@divisor                                cstackCOMRAM 000026
___awdiv@quotient                               cstackCOMRAM 00002A
___awdiv@sign                                   cstackCOMRAM 000029
___awmod                                        text50       0015EE
___awmod@counter                                cstackCOMRAM 000028
___awmod@dividend                               cstackCOMRAM 000024
___awmod@divisor                                cstackCOMRAM 000026
___awmod@sign                                   cstackCOMRAM 000029
___heap_hi                                      (abs)        000000
___heap_lo                                      (abs)        000000
___inthi_sp                                     stack        000000
___inthi_stack_hi                               stack        000000
___inthi_stack_lo                               stack        000000
___intlo_sp                                     stack        000000
___intlo_stack_hi                               stack        000000
___intlo_stack_lo                               stack        000000
___lwdiv                                        text23       001A68
___lwdiv@counter                                cstackCOMRAM 00002A
___lwdiv@dividend                               cstackCOMRAM 000024
___lwdiv@divisor                                cstackCOMRAM 000026
___lwdiv@quotient                               cstackCOMRAM 000028
___lwmod                                        text22       001DB8
___lwmod@counter                                cstackCOMRAM 000028
___lwmod@dividend                               cstackCOMRAM 000024
___lwmod@divisor                                cstackCOMRAM 000026
___param_bank                                   (abs)        000000
___rparam_used                                  (abs)        000001
___sp                                           stack        000000
___stack_hi                                     stack        000000
___stack_lo                                     stack        000000
___wmul                                         text38       00253E
___wmul@multiplicand                            cstackCOMRAM 000026
___wmul@multiplier                              cstackCOMRAM 000024
___wmul@product                                 cstackCOMRAM 000028
__accesstop                                     (abs)        000080
__activetblptr                                  (abs)        000003
__end_of_App_ISR                                text58       001978
__end_of_Data_EEPROM_ReadByte                   text39       002290
__end_of_Data_EEPROM_WriteByte                  text24       0021CE
__end_of_Enter_password                         text25       000D00
__end_of_INT0_ISR                               text57       0024BE
__end_of_INT0_SetInterruptHandler               text12       002608
__end_of_INT1_ISR                               text56       002490
__end_of_INT1_SetInterruptHandler               text11       0025E8
__end_of_INT2_ISR                               text55       002406
__end_of_INT2_SetInterruptHandler               text10       0025C8
__end_of_InterruptManger                        intcode_body 000F48
__end_of_Interrupt_INTx_ClearFlag               text18       001DB8
__end_of_Interrupt_INTx_Disable                 text17       001D54
__end_of_Interrupt_INTx_Edge_Init               text16       00105A
__end_of_Interrupt_INTx_Enable                  text15       001B4C
__end_of_Interrupt_INTx_Init                    text8        00218A
__end_of_Interrupt_INTx_Pin_Init                text13       002628
__end_of_RB4_ISR                                text54       002638
__end_of_SetInterruptHandler                    text9        0017DC
__end_of_Set_password                           text19       000486
__end_of___awdiv                                text51       0015EE
__end_of___awmod                                text50       00169E
__end_of___lwdiv                                text23       001ADC
__end_of___lwmod                                text22       001E1C
__end_of___wmul                                 text38       002564
__end_of__initialization                        cinit        001E74
__end_of_abs                                    text49       0023A6
__end_of_convert_byte_to_string                 text43       002144
__end_of_fputc                                  text47       001748
__end_of_gpio_pin_Read_logic                    text42       001448
__end_of_gpio_pin_Write_logic                   text41       00116A
__end_of_gpio_pin_direction_intialize           text14       000E26
__end_of_gpio_pin_intialize                     text6        001F32
__end_of_int_value                              mediumconst  00FE90
__end_of_intialization                          text2        002306
__end_of_keypad_get_value                       text40       001360
__end_of_keypad_intialize                       text7        001EDE
__end_of_keypad_value@ecu_keypad$F125           mediumconst  00FE8F
__end_of_lcd_4bit_intialize                     text5        00152A
__end_of_lcd_4bit_send_command                  text33       001F7E
__end_of_lcd_4bit_send_data                     text35       001FCA
__end_of_lcd_4bit_send_string                   text34       0019F0
__end_of_lcd_4bit_send_string_pos               text31       00233C
__end_of_led_initialize                         text4        001CF0
__end_of_led_turn_off                           text30       001C20
__end_of_led_turn_on                            text29       001BB6
__end_of_main                                   text0        000BD4
__end_of_memset                                 text52       0023D6
__end_of_motor_intialize                        text3        00253E
__end_of_motor_move_right                       text28       002462
__end_of_motor_stop                             text27       002434
__end_of_password                               text26       00094A
__end_of_password_handler                       text21       000A92
__end_of_password_reset                         text20       0007FC
__end_of_putch                                  text48       00263A
__end_of_send_4bit                              text37       002016
__end_of_send_4bit_enable_signal                text36       002586
__end_of_set_cursor_4bit                        text32       001866
__end_of_sprintf                                text44       0022CC
__end_of_vfpfcnvrt                              text46       000668
__end_of_vfprintf                               text45       002212
__end_of_welcome_message                        text1        002252
__end_ofi2_gpio_pin_Write_logic                 text68       001270
__end_ofi2_lcd_4bit_send_command                text63       002062
__end_ofi2_lcd_4bit_send_data                   text65       0020AE
__end_ofi2_lcd_4bit_send_string                 text64       001A68
__end_ofi2_lcd_4bit_send_string_pos             text61       002372
__end_ofi2_led_turn_off                         text60       001C8A
__end_ofi2_motor_stop                           text59       0024EC
__end_ofi2_send_4bit                            text67       0020FA
__end_ofi2_send_4bit_enable_signal              text66       0025A8
__end_ofi2_set_cursor_4bit                      text62       0018F0
__initialization                                cinit        001E1C
__mediumconst                                   mediumconst  00FE7E
__pbssBANK0                                     bssBANK0     000080
__pbssCOMRAM                                    bssCOMRAM    00003A
__pcinit                                        cinit        001E1C
__pcstackBANK0                                  cstackBANK0  0000E2
__pcstackBANK1                                  cstackBANK1  000100
__pcstackCOMRAM                                 cstackCOMRAM 000001
__pdataBANK0                                    dataBANK0    0000B6
__pdataCOMRAM                                   dataCOMRAM   000051
__pidataBANK0                                   idataBANK0   0024EC
__pidataCOMRAM                                  idataCOMRAM  002628
__pintcode                                      intcode      000008
__pintcode_body                                 intcode_body 000E26
__pmediumconst                                  mediumconst  00FE7E
__ptext0                                        text0        000A92
__ptext1                                        text1        002212
__ptext10                                       text10       0025A8
__ptext11                                       text11       0025C8
__ptext12                                       text12       0025E8
__ptext13                                       text13       002608
__ptext14                                       text14       000D00
__ptext15                                       text15       001ADC
__ptext16                                       text16       000F48
__ptext17                                       text17       001CF0
__ptext18                                       text18       001D54
__ptext19                                       text19       000012
__ptext2                                        text2        0022CC
__ptext20                                       text20       000668
__ptext21                                       text21       00094A
__ptext22                                       text22       001DB8
__ptext23                                       text23       001A68
__ptext24                                       text24       00218A
__ptext25                                       text25       000BD4
__ptext26                                       text26       0007FC
__ptext27                                       text27       002406
__ptext28                                       text28       002434
__ptext29                                       text29       001B4C
__ptext3                                        text3        002518
__ptext30                                       text30       001BB6
__ptext31                                       text31       002306
__ptext32                                       text32       0017DC
__ptext33                                       text33       001F32
__ptext34                                       text34       001978
__ptext35                                       text35       001F7E
__ptext36                                       text36       002564
__ptext37                                       text37       001FCA
__ptext38                                       text38       00253E
__ptext39                                       text39       002252
__ptext4                                        text4        001C8A
__ptext40                                       text40       001270
__ptext41                                       text41       00105A
__ptext42                                       text42       001360
__ptext43                                       text43       0020FA
__ptext44                                       text44       002290
__ptext45                                       text45       0021CE
__ptext46                                       text46       000486
__ptext47                                       text47       00169E
__ptext48                                       text48       002638
__ptext49                                       text49       002372
__ptext5                                        text5        001448
__ptext50                                       text50       0015EE
__ptext51                                       text51       00152A
__ptext52                                       text52       0023A6
__ptext54                                       text54       002634
__ptext55                                       text55       0023D6
__ptext56                                       text56       002462
__ptext57                                       text57       002490
__ptext58                                       text58       0018F0
__ptext59                                       text59       0024BE
__ptext6                                        text6        001EDE
__ptext60                                       text60       001C20
__ptext61                                       text61       00233C
__ptext62                                       text62       001866
__ptext63                                       text63       002016
__ptext64                                       text64       0019F0
__ptext65                                       text65       002062
__ptext66                                       text66       002586
__ptext67                                       text67       0020AE
__ptext68                                       text68       00116A
__ptext69                                       text69       000000
__ptext7                                        text7        001E7E
__ptext8                                        text8        002144
__ptext9                                        text9        001748
__ramtop                                        ramtop       001000
__smallconst                                    smallconst   000000
_abs                                            text49       002372
_buzzer                                         dataCOMRAM   00005B
_convert_byte_to_string                         text43       0020FA
_dbuf                                           bssBANK0     000080
_display_counter                                bssCOMRAM    000044
_display_value                                  bssBANK0     0000B2
_entered_value                                  bssBANK0     0000A6
_flags                                          bssCOMRAM    000042
_fputc                                          text47       00169E
_gpio_pin_Read_logic                            text42       001360
_gpio_pin_Write_logic                           text41       00105A
_gpio_pin_direction_intialize                   text14       000D00
_gpio_pin_intialize                             text6        001EDE
_green_led                                      dataCOMRAM   00005A
_high_pass                                      bssCOMRAM    00004E
_int1_obj                                       dataBANK0    0000DC
_intialization                                  text2        0022CC
_keypad                                         dataBANK0    0000D4
_keypad_get_value                               text40       001270
_keypad_intialize                               text7        001E7E
_keypad_value                                   bssCOMRAM    000050
_keypad_value@ecu_keypad$F125                   mediumconst  00FE7F
_lat_registers                                  dataBANK0    0000C0
_lcd                                            dataCOMRAM   000051
_lcd_4bit_intialize                             text5        001448
_lcd_4bit_send_command                          text33       001F32
_lcd_4bit_send_data                             text35       001F7E
_lcd_4bit_send_string                           text34       001978
_lcd_4bit_send_string_pos                       text31       002306
_lcd_counter                                    bssCOMRAM    00004B
_led_initialize                                 text4        001C8A
_led_turn_off                                   text30       001BB6
_led_turn_on                                    text29       001B4C
_low_pass                                       bssCOMRAM    00004C
_main                                           text0        000A92
_memory_value                                   bssBANK0     0000A4
_memset                                         text52       0023A6
_motor                                          dataCOMRAM   000057
_motor_intialize                                text3        002518
_motor_move_right                               text28       002434
_motor_stop                                     text27       002406
_password                                       text26       0007FC
_password_counter                               bssCOMRAM    000046
_password_flag                                  bssCOMRAM    000045
_password_handler                               text21       00094A
_password_reset                                 text20       000668
_port_registers                                 dataBANK0    0000B6
_prec                                           bssBANK0     0000A2
_putch                                          text48       002638
_red_led                                        dataCOMRAM   000059
_send_4bit                                      text37       001FCA
_send_4bit_enable_signal                        text36       002564
_set_cursor_4bit                                text32       0017DC
_set_password1                                  bssCOMRAM    00003C
_set_password2                                  bssCOMRAM    00003A
_sprintf                                        text44       002290
_tris_registers                                 dataBANK0    0000CA
_vfpfcnvrt                                      text46       000486
_vfprintf                                       text45       0021CE
_welcome_message                                text1        002212
_width                                          bssBANK0     0000A0
_wrongs_counter                                 bssCOMRAM    000043
abs@a                                           cstackCOMRAM 00002A
btemp                                           temp         00005C
convert_byte_to_string@str                      cstackCOMRAM 000039
convert_byte_to_string@value                    cstackBANK0  0000FC
end_of_initialization                           cinit        001E74
fputc@c                                         cstackCOMRAM 000024
fputc@fp                                        cstackCOMRAM 000026
gpio_pin_Read_logic@_pin_config                 cstackCOMRAM 000024
gpio_pin_Read_logic@logic                       cstackCOMRAM 000025
gpio_pin_Read_logic@ret                         cstackCOMRAM 00002A
gpio_pin_Write_logic@_pin_config                cstackCOMRAM 000024
gpio_pin_Write_logic@logic                      cstackCOMRAM 000025
gpio_pin_Write_logic@ret                        cstackCOMRAM 00002B
gpio_pin_direction_intialize@_pin_config        cstackCOMRAM 000024
gpio_pin_direction_intialize@ret                cstackCOMRAM 00002A
gpio_pin_intialize@_pin_config                  cstackCOMRAM 00002C
gpio_pin_intialize@ret                          cstackCOMRAM 00002E
i2_gpio_pin_Write_logic                         text68       00116A
i2_lcd_4bit_send_command                        text63       002016
i2_lcd_4bit_send_data                           text65       002062
i2_lcd_4bit_send_string                         text64       0019F0
i2_lcd_4bit_send_string_pos                     text61       00233C
i2_led_turn_off                                 text60       001C20
i2_motor_stop                                   text59       0024BE
i2_send_4bit                                    text67       0020AE
i2_send_4bit_enable_signal                      text66       002586
i2_set_cursor_4bit                              text62       001866
i2gpio_pin_Write_logic@_pin_config              cstackCOMRAM 000001
i2gpio_pin_Write_logic@logic                    cstackCOMRAM 000002
i2lcd_4bit_send_command@command                 cstackCOMRAM 00000B
i2lcd_4bit_send_command@lcd                     cstackCOMRAM 00000A
i2lcd_4bit_send_data@data                       cstackCOMRAM 00000B
i2lcd_4bit_send_data@lcd                        cstackCOMRAM 00000A
i2lcd_4bit_send_string@lcd                      cstackCOMRAM 00000C
i2lcd_4bit_send_string@str                      cstackCOMRAM 00000D
i2lcd_4bit_send_string_pos@column               cstackCOMRAM 000013
i2lcd_4bit_send_string_pos@lcd                  cstackCOMRAM 000011
i2lcd_4bit_send_string_pos@row                  cstackCOMRAM 000012
i2lcd_4bit_send_string_pos@str                  cstackCOMRAM 000014
i2led_turn_off@led                              cstackCOMRAM 000008
i2led_turn_off@pin_obj                          cstackCOMRAM 00000A
i2motor_stop@motor                              cstackCOMRAM 000008
i2send_4bit@_data_command                       cstackCOMRAM 000009
i2send_4bit@lcd                                 cstackCOMRAM 000008
i2send_4bit_enable_signal@lcd                   cstackCOMRAM 000008
i2set_cursor_4bit@column                        cstackCOMRAM 00000E
i2set_cursor_4bit@lcd                           cstackCOMRAM 00000C
i2set_cursor_4bit@row                           cstackCOMRAM 00000D
int$flags                                       temp         00005C
int_func                                        intcode_body 000E26
intlevel0                                       text         000000
intlevel1                                       text         000000
intlevel2                                       text         000000
intlevel3                                       text         000000
isa$std                                         (abs)        000001
isa$xinst                                       (abs)        000000
keypad_get_value@col_val                        cstackCOMRAM 000030
keypad_get_value@columns_counter                cstackCOMRAM 000033
keypad_get_value@keypad_obj                     cstackCOMRAM 00002C
keypad_get_value@rows_counter                   cstackCOMRAM 000032
keypad_get_value@rows_counter2                  cstackCOMRAM 000031
keypad_get_value@value                          cstackCOMRAM 00002D
keypad_intialize@columns_counter                cstackCOMRAM 00002E
keypad_intialize@keypad_obj                     cstackCOMRAM 00002B
keypad_intialize@ret                            cstackCOMRAM 00002C
keypad_intialize@rows_counter                   cstackCOMRAM 00002D
lcd_4bit_intialize@lcd                          cstackCOMRAM 000030
lcd_4bit_intialize@ret                          cstackCOMRAM 000032
lcd_4bit_send_command@command                   cstackCOMRAM 00002F
lcd_4bit_send_command@lcd                       cstackCOMRAM 00002E
lcd_4bit_send_data@data                         cstackCOMRAM 00002F
lcd_4bit_send_data@lcd                          cstackCOMRAM 00002E
lcd_4bit_send_string@lcd                        cstackCOMRAM 000030
lcd_4bit_send_string@str                        cstackCOMRAM 000031
lcd_4bit_send_string_pos@column                 cstackCOMRAM 000037
lcd_4bit_send_string_pos@lcd                    cstackCOMRAM 000035
lcd_4bit_send_string_pos@row                    cstackCOMRAM 000036
lcd_4bit_send_string_pos@str                    cstackCOMRAM 000038
led_initialize@F3060                            bssCOMRAM    00004A
led_initialize@led                              cstackCOMRAM 00002B
led_initialize@pin_obj                          cstackCOMRAM 00002D
led_toggle@F3075                                bssCOMRAM    000047
led_turn_off@F3070                              bssCOMRAM    000048
led_turn_off@led                                cstackCOMRAM 00002C
led_turn_off@pin_obj                            cstackCOMRAM 00002E
led_turn_on@F3065                               bssCOMRAM    000049
led_turn_on@led                                 cstackCOMRAM 00002C
led_turn_on@pin_obj                             cstackCOMRAM 00002E
memset@c                                        cstackCOMRAM 000025
memset@dest                                     cstackCOMRAM 000024
memset@n                                        cstackCOMRAM 000027
memset@p                                        cstackCOMRAM 000029
motor_intialize@motor                           cstackCOMRAM 00002B
motor_move_right@motor                          cstackCOMRAM 00002C
motor_stop@motor                                cstackCOMRAM 00002C
send_4bit@_data_command                         cstackCOMRAM 00002D
send_4bit@lcd                                   cstackCOMRAM 00002C
send_4bit_enable_signal@lcd                     cstackCOMRAM 00002C
set_cursor_4bit@column                          cstackCOMRAM 000032
set_cursor_4bit@lcd                             cstackCOMRAM 000030
set_cursor_4bit@row                             cstackCOMRAM 000031
sprintf@ap                                      cstackBANK0  0000EF
sprintf@f                                       cstackBANK0  0000F0
sprintf@fmt                                     cstackBANK0  0000EB
sprintf@s                                       cstackBANK0  0000EA
stackhi                                         (abs)        000000
stacklo                                         (abs)        000000
start                                           init         00000E
start_initialization                            cinit        001E1C
ttemp5                                          temp         00005D
ttemp6                                          temp         000060
ttemp7                                          temp         000064
vfpfcnvrt@ap                                    cstackCOMRAM 000030
vfpfcnvrt@c                                     cstackBANK0  0000E9
vfpfcnvrt@convarg                               cstackBANK0  0000E5
vfpfcnvrt@cp                                    cstackBANK0  0000E3
vfpfcnvrt@done                                  cstackBANK0  0000E2
vfpfcnvrt@fmt                                   cstackCOMRAM 00002F
vfpfcnvrt@fp                                    cstackCOMRAM 00002E
vfprintf@ap                                     cstackCOMRAM 000036
vfprintf@cfmt                                   cstackCOMRAM 000037
vfprintf@fmt                                    cstackCOMRAM 000034
vfprintf@fp                                     cstackCOMRAM 000033
wtemp8                                          temp         00005D


MODULE INFORMATION

Module		Function		Class		Link	Load	Size
ECU_LAYER/KEYPAD/ecu_keypad.c
		_keypad_get_value		CODE           	1270	0000	240
		_keypad_intialize		CODE           	1E7E	0000	96

ECU_LAYER/KEYPAD/ecu_keypad.c estimated size: 336

MCAL_LAYER/interrupt/mcal_interrupt_mamager.c
		_InterruptManger		CODE           	0008	0000	296

MCAL_LAYER/interrupt/mcal_interrupt_mamager.c estimated size: 296

D:\Program Files\Microchip\xc8\v2.45\pic\sources\c99\common\lwdiv.c
		___lwdiv       		CODE           	1A68	0000	116

D:\Program Files\Microchip\xc8\v2.45\pic\sources\c99\common\lwdiv.c estimated size: 116

D:\Program Files\Microchip\xc8\v2.45\pic\sources\c99\common\awdiv.c
		___awdiv       		CODE           	152A	0000	196

D:\Program Files\Microchip\xc8\v2.45\pic\sources\c99\common\awdiv.c estimated size: 196

D:\Program Files\Microchip\xc8\v2.45\pic\sources\c99\common\abs.c
		_abs           		CODE           	2372	0000	52

D:\Program Files\Microchip\xc8\v2.45\pic\sources\c99\common\abs.c estimated size: 52

D:\Program Files\Microchip\xc8\v2.45\pic\sources\c99\common\nf_sprintf.c
		_sprintf       		CODE           	2290	0000	60

D:\Program Files\Microchip\xc8\v2.45\pic\sources\c99\common\nf_sprintf.c estimated size: 60

ECU_LAYER/LED/ecu_led.c
		_led_initialize		CODE           	1C8A	0000	102
		_led_turn_on   		CODE           	1B4C	0000	106
		_led_turn_off  		CODE           	1BB6	0000	106

ECU_LAYER/LED/ecu_led.c estimated size: 314

MCAL_LAYER/GPIO/hal_gpio.c
		_gpio_pin_Write_logic		CODE           	105A	0000	272
		_gpio_pin_intialize		CODE           	1EDE	0000	84
		_gpio_pin_Read_logic		CODE           	1360	0000	232
		_gpio_pin_direction_intialize		CODE           	0D00	0000	294

MCAL_LAYER/GPIO/hal_gpio.c estimated size: 882

ECU_LAYER/DC_MOTOR/ecu_dc_motor.c
		_motor_intialize		CODE           	2518	0000	38
		_motor_stop    		CODE           	2406	0000	46
		_motor_move_right		CODE           	2434	0000	46

ECU_LAYER/DC_MOTOR/ecu_dc_motor.c estimated size: 130

MCAL_LAYER/EEPROM/eeprom.c
		_Data_EEPROM_ReadByte		CODE           	2252	0000	62
		_Data_EEPROM_WriteByte		CODE           	218A	0000	68

MCAL_LAYER/EEPROM/eeprom.c estimated size: 130

D:\Program Files\Microchip\xc8\v2.45\pic\sources\c99\common\memset.c
		_memset        		CODE           	23A6	0000	48

D:\Program Files\Microchip\xc8\v2.45\pic\sources\c99\common\memset.c estimated size: 48

function.c
		_Set_password  		CODE           	0012	0000	1140
		_password      		CODE           	07FC	0000	334
		_welcome_message		CODE           	2212	0000	64
		_password_handler		CODE           	094A	0000	328
		_Enter_password		CODE           	0BD4	0000	300
		_password_reset		CODE           	0668	0000	404
		_App_ISR       		CODE           	18F0	0000	136
		_intialization 		CODE           	22CC	0000	58

function.c estimated size: 2764

D:\Program Files\Microchip\xc8\v2.45\pic\sources\c99\common\nf_fputc.c
		_fputc         		CODE           	169E	0000	170

D:\Program Files\Microchip\xc8\v2.45\pic\sources\c99\common\nf_fputc.c estimated size: 170

D:\Program Files\Microchip\xc8\v2.45\pic\sources\c99\common\doprnt.c
		_vfpfcnvrt     		CODE           	0486	0000	482
		_vfprintf      		CODE           	21CE	0000	68

D:\Program Files\Microchip\xc8\v2.45\pic\sources\c99\common\doprnt.c estimated size: 550

shared
		i2_send_4bit   		CODE           	20AE	0000	76
		i2_lcd_4bit_send_data		CODE           	2062	0000	76
		_keypad_value@ecu_keypad$F125		MEDIUMCONST    	FE7F	0000	16
		i2_set_cursor_4bit		CODE           	1866	0000	138
		i2_lcd_4bit_send_command		CODE           	2016	0000	76
		__initialization		CODE           	1E1C	0000	88
		i2_send_4bit_enable_signal		CODE           	2586	0000	34
		i2_motor_stop  		CODE           	24BE	0000	46
		i2_gpio_pin_Write_logic		CODE           	116A	0000	262
		i2_lcd_4bit_send_string		CODE           	19F0	0000	120
		_int_value     		MEDIUMCONST    	0000	0000	0
		i2_lcd_4bit_send_string_pos		CODE           	233C	0000	54
		i2_led_turn_off		CODE           	1C20	0000	106

shared estimated size: 1092

D:\Program Files\Microchip\xc8\v2.45\pic\sources\c99\common\lwmod.c
		___lwmod       		CODE           	1DB8	0000	100

D:\Program Files\Microchip\xc8\v2.45\pic\sources\c99\common\lwmod.c estimated size: 100

ECU_LAYER/LCD/ecu_lcd.c
		_send_4bit_enable_signal		CODE           	2564	0000	34
		_lcd_4bit_send_data		CODE           	1F7E	0000	76
		_lcd_4bit_send_command		CODE           	1F32	0000	76
		_lcd_4bit_send_string_pos		CODE           	2306	0000	54
		_lcd_4bit_intialize		CODE           	1448	0000	226
		_send_4bit     		CODE           	1FCA	0000	76
		_convert_byte_to_string		CODE           	20FA	0000	74
		_set_cursor_4bit		CODE           	17DC	0000	138
		_lcd_4bit_send_string		CODE           	1978	0000	120

ECU_LAYER/LCD/ecu_lcd.c estimated size: 874

D:\Program Files\Microchip\xc8\v2.45\pic\sources\c99\common\awmod.c
		___awmod       		CODE           	15EE	0000	176

D:\Program Files\Microchip\xc8\v2.45\pic\sources\c99\common\awmod.c estimated size: 176

MCAL_LAYER/interrupt/mcal_external_interrupt.c
		_SetInterruptHandler		CODE           	1748	0000	148
		_INT0_SetInterruptHandler		CODE           	25E8	0000	32
		_INT1_SetInterruptHandler		CODE           	25C8	0000	32
		_Interrupt_INTx_Enable		CODE           	1ADC	0000	112
		_RB4_ISR       		CODE           	2634	0000	4
		_INT2_SetInterruptHandler		CODE           	25A8	0000	32
		_Interrupt_INTx_ClearFlag		CODE           	1D54	0000	100
		_Interrupt_INTx_Edge_Init		CODE           	0F48	0000	274
		_Interrupt_INTx_Init		CODE           	2144	0000	70
		_Interrupt_INTx_Disable		CODE           	1CF0	0000	100
		_INT0_ISR      		CODE           	2490	0000	46
		_Interrupt_INTx_Pin_Init		CODE           	2608	0000	32
		_INT1_ISR      		CODE           	2462	0000	46
		_INT2_ISR      		CODE           	23D6	0000	48

MCAL_LAYER/interrupt/mcal_external_interrupt.c estimated size: 1076

D:\Program Files\Microchip\xc8\v2.45\pic\sources\c99\common\putch.c
		_putch         		CODE           	2638	0000	2

D:\Program Files\Microchip\xc8\v2.45\pic\sources\c99\common\putch.c estimated size: 2

application.c
		_main          		CODE           	0A92	0000	322

application.c estimated size: 322

D:\Program Files\Microchip\xc8\v2.45\pic\sources\c99\common\Umul16.c
		___wmul        		CODE           	253E	0000	38

D:\Program Files\Microchip\xc8\v2.45\pic\sources\c99\common\Umul16.c estimated size: 38

